<html>
<body>
<pre>
<h1>礦ision Build Log</h1>
<h2>Tool Versions:</h2>
IDE-Version: μVision V5.22.0.0
Copyright (C) 2016 ARM Ltd and ARM Germany GmbH. All rights reserved.
License Information: Bin Feng, Sinoagg, LIC=AK1X7-EQZ1Y-BVN1G-V1PM7-35TI4-7BTSY
 
Tool Versions:
Toolchain:       MDK-ARM Professional  Version: 5.22
Toolchain Path:  C:\Keil_v5\ARM\ARMCC\Bin
C Compiler:      Armcc.exe V5.06 update 4 (build 422)
Assembler:       Armasm.exe V5.06 update 4 (build 422)
Linker/Locator:  ArmLink.exe V5.06 update 4 (build 422)
Library Manager: ArmAr.exe V5.06 update 4 (build 422)
Hex Converter:   FromElf.exe V5.06 update 4 (build 422)
CPU DLL:         SARMCM3.DLL V5.22
Dialog DLL:      DARMSTM.DLL V1.67.0.0
Target DLL:      Segger\JL2CM3.dll V2.99.23.0
Dialog DLL:      TCM.DLL V1.21.0.0
 
<h2>Project:</h2>
E:\SINOAGG\晶体管测量仪\SA6101 Code V1.10\SA6101\MDK-ARM\Transistor Tester V1.05.uvprojx
Project File Date:  09/03/2018

<h2>Output:</h2>
*** Using Compiler 'V5.06 update 4 (build 422)', folder: 'C:\Keil_v5\ARM\ARMCC\Bin'
Build target 'Transistor Tester V1.02'
compiling stm32f1xx_hal_cortex.c...
compiling stm32f1xx_hal_pcd.c...
compiling stm32f1xx_hal_uart.c...
../Drivers/STM32F1xx_HAL_Driver/Src/stm32f1xx_hal_uart.c(1580): warning:  #177-D: function "UART_DMATxHalfCplt"  was declared but never referenced
  static void UART_DMATxHalfCplt(DMA_HandleTypeDef *hdma)
../Drivers/STM32F1xx_HAL_Driver/Src/stm32f1xx_hal_uart.c: 1 warning, 0 errors
compiling stm32f1xx_hal_pwr.c...
compiling stm32f1xx_hal_gpio_ex.c...
compiling stm32f1xx_hal_rcc.c...
compiling stm32f1xx_hal_tim_ex.c...
compiling stm32f1xx_hal_gpio.c...
compiling stm32f1xx_hal_tim.c...
compiling stm32f1xx_ll_usb.c...
compiling stm32f1xx_hal.c...
compiling stm32f1xx_hal_rcc_ex.c...
compiling stm32f1xx_hal_flash_ex.c...
compiling stm32f1xx_hal_flash.c...
compiling stm32f1xx_hal_dma.c...
compiling stm32f1xx_hal_pcd_ex.c...
compiling system_stm32f1xx.c...
compiling usbd_customhid.c...
compiling usbd_core.c...
compiling usbd_ioreq.c...
compiling usbd_ctlreq.c...
compiling stm32f1xx_it.c...
../Src/stm32f1xx_it.c(295): warning:  #550-D: variable "temp"  was set but never used
    uint32_t temp;
../Src/stm32f1xx_it.c: 1 warning, 0 errors
compiling usbd_conf.c...
compiling usb_device.c...
compiling usbd_desc.c...
compiling usbd_custom_hid_if.c...
compiling main.c...
compiling stm32f1xx_hal_msp.c...
compiling process_ctrl.c...
compiling hardware.c...
compiling calculation.c...
compiling USB_TX_Protocol.c...
compiling calibration.c...
assembling startup_stm32f103xe.s...
compiling InternalFlash.c...
compiling voltage_monitor.c...
compiling AD5687R.c...
compiling delay.c...
compiling AD7988_1.c...
compiling relay.c...
compiling AD7791.c...
linking...
Program Size: Code=29732 RO-data=360 RW-data=56 ZI-data=4216  
FromELF: creating hex file...
"Transistor Tester V1.02\Transistor Tester V1.02" - 0 Error(s), 2 Warning(s).

<h2>Software Packages used:</h2>

Package Vendor: ARM
                http://www.keil.com/pack/ARM.CMSIS.5.3.0.pack
                ARM::CMSIS:CORE:5.1.1
                CMSIS (Cortex Microcontroller Software Interface Standard)
   * Component: CORE Version: 5.1.1

<h2>Collection of Component include folders:</h2>
  E:\SINOAGG\晶体管测量仪\SA6101 Code V1.10\SA6101\MDK-ARM\RTE\_Transistor_Tester_V1.02
  C:\Keil_v5\ARM\PACK\ARM\CMSIS\5.3.0\CMSIS\Include
  C:\Keil_v5\ARM\PACK\Keil\STM32F1xx_DFP\2.2.0\Device\Include

<h2>Collection of Component Files used:</h2>

   * Component: ARM::CMSIS:CORE:5.1.1
Build Time Elapsed:  00:01:11
</pre>
</body>
</html>
