Component: ARM Compiler 5.06 update 4 (build 422) Tool: armlink [4d35d2]

==============================================================================

Section Cross References

    stm32f1xx_hal_pcd.o(i.HAL_PCD_ActivateRemoteWakeup) refers to stm32f1xx_ll_usb.o(i.USB_ActivateRemoteWakeup) for USB_ActivateRemoteWakeup
    stm32f1xx_hal_pcd.o(i.HAL_PCD_DeActivateRemoteWakeup) refers to stm32f1xx_ll_usb.o(i.USB_DeActivateRemoteWakeup) for USB_DeActivateRemoteWakeup
    stm32f1xx_hal_pcd.o(i.HAL_PCD_DeInit) refers to stm32f1xx_hal_pcd.o(i.HAL_PCD_Stop) for HAL_PCD_Stop
    stm32f1xx_hal_pcd.o(i.HAL_PCD_DeInit) refers to usbd_conf.o(i.HAL_PCD_MspDeInit) for HAL_PCD_MspDeInit
    stm32f1xx_hal_pcd.o(i.HAL_PCD_DevConnect) refers to usbd_conf.o(i.HAL_PCDEx_SetConnectionState) for HAL_PCDEx_SetConnectionState
    stm32f1xx_hal_pcd.o(i.HAL_PCD_DevConnect) refers to stm32f1xx_ll_usb.o(i.USB_DevConnect) for USB_DevConnect
    stm32f1xx_hal_pcd.o(i.HAL_PCD_DevDisconnect) refers to usbd_conf.o(i.HAL_PCDEx_SetConnectionState) for HAL_PCDEx_SetConnectionState
    stm32f1xx_hal_pcd.o(i.HAL_PCD_DevDisconnect) refers to stm32f1xx_ll_usb.o(i.USB_DevDisconnect) for USB_DevDisconnect
    stm32f1xx_hal_pcd.o(i.HAL_PCD_EP_Close) refers to stm32f1xx_ll_usb.o(i.USB_DeactivateEndpoint) for USB_DeactivateEndpoint
    stm32f1xx_hal_pcd.o(i.HAL_PCD_EP_ClrStall) refers to stm32f1xx_ll_usb.o(i.USB_EPClearStall) for USB_EPClearStall
    stm32f1xx_hal_pcd.o(i.HAL_PCD_EP_Flush) refers to stm32f1xx_ll_usb.o(i.USB_FlushTxFifo) for USB_FlushTxFifo
    stm32f1xx_hal_pcd.o(i.HAL_PCD_EP_Flush) refers to stm32f1xx_ll_usb.o(i.USB_FlushRxFifo) for USB_FlushRxFifo
    stm32f1xx_hal_pcd.o(i.HAL_PCD_EP_Open) refers to stm32f1xx_ll_usb.o(i.USB_ActivateEndpoint) for USB_ActivateEndpoint
    stm32f1xx_hal_pcd.o(i.HAL_PCD_EP_Receive) refers to stm32f1xx_ll_usb.o(i.USB_EPStartXfer) for USB_EPStartXfer
    stm32f1xx_hal_pcd.o(i.HAL_PCD_EP_SetStall) refers to stm32f1xx_ll_usb.o(i.USB_EPSetStall) for USB_EPSetStall
    stm32f1xx_hal_pcd.o(i.HAL_PCD_EP_SetStall) refers to stm32f1xx_ll_usb.o(i.USB_EP0_OutStart) for USB_EP0_OutStart
    stm32f1xx_hal_pcd.o(i.HAL_PCD_EP_Transmit) refers to stm32f1xx_ll_usb.o(i.USB_EPStartXfer) for USB_EPStartXfer
    stm32f1xx_hal_pcd.o(i.HAL_PCD_IRQHandler) refers to stm32f1xx_ll_usb.o(i.USB_ReadInterrupts) for USB_ReadInterrupts
    stm32f1xx_hal_pcd.o(i.HAL_PCD_IRQHandler) refers to stm32f1xx_hal_pcd.o(i.PCD_EP_ISR_Handler) for PCD_EP_ISR_Handler
    stm32f1xx_hal_pcd.o(i.HAL_PCD_IRQHandler) refers to usbd_conf.o(i.HAL_PCD_ResetCallback) for HAL_PCD_ResetCallback
    stm32f1xx_hal_pcd.o(i.HAL_PCD_IRQHandler) refers to stm32f1xx_hal_pcd.o(i.HAL_PCD_SetAddress) for HAL_PCD_SetAddress
    stm32f1xx_hal_pcd.o(i.HAL_PCD_IRQHandler) refers to usbd_conf.o(i.HAL_PCD_ResumeCallback) for HAL_PCD_ResumeCallback
    stm32f1xx_hal_pcd.o(i.HAL_PCD_IRQHandler) refers to usbd_conf.o(i.HAL_PCD_SuspendCallback) for HAL_PCD_SuspendCallback
    stm32f1xx_hal_pcd.o(i.HAL_PCD_IRQHandler) refers to usbd_conf.o(i.HAL_PCD_SOFCallback) for HAL_PCD_SOFCallback
    stm32f1xx_hal_pcd.o(i.HAL_PCD_Init) refers to usbd_conf.o(i.HAL_PCD_MspInit) for HAL_PCD_MspInit
    stm32f1xx_hal_pcd.o(i.HAL_PCD_Init) refers to stm32f1xx_ll_usb.o(i.USB_DisableGlobalInt) for USB_DisableGlobalInt
    stm32f1xx_hal_pcd.o(i.HAL_PCD_Init) refers to memcpya.o(.text) for __aeabi_memcpy4
    stm32f1xx_hal_pcd.o(i.HAL_PCD_Init) refers to stm32f1xx_ll_usb.o(i.USB_CoreInit) for USB_CoreInit
    stm32f1xx_hal_pcd.o(i.HAL_PCD_Init) refers to stm32f1xx_ll_usb.o(i.USB_SetCurrentMode) for USB_SetCurrentMode
    stm32f1xx_hal_pcd.o(i.HAL_PCD_Init) refers to stm32f1xx_ll_usb.o(i.USB_DevInit) for USB_DevInit
    stm32f1xx_hal_pcd.o(i.HAL_PCD_Init) refers to stm32f1xx_ll_usb.o(i.USB_DevDisconnect) for USB_DevDisconnect
    stm32f1xx_hal_pcd.o(i.HAL_PCD_SetAddress) refers to stm32f1xx_ll_usb.o(i.USB_SetDevAddress) for USB_SetDevAddress
    stm32f1xx_hal_pcd.o(i.HAL_PCD_Start) refers to usbd_conf.o(i.HAL_PCDEx_SetConnectionState) for HAL_PCDEx_SetConnectionState
    stm32f1xx_hal_pcd.o(i.HAL_PCD_Start) refers to stm32f1xx_ll_usb.o(i.USB_DevConnect) for USB_DevConnect
    stm32f1xx_hal_pcd.o(i.HAL_PCD_Start) refers to stm32f1xx_ll_usb.o(i.USB_EnableGlobalInt) for USB_EnableGlobalInt
    stm32f1xx_hal_pcd.o(i.HAL_PCD_Stop) refers to stm32f1xx_ll_usb.o(i.USB_DisableGlobalInt) for USB_DisableGlobalInt
    stm32f1xx_hal_pcd.o(i.HAL_PCD_Stop) refers to stm32f1xx_ll_usb.o(i.USB_StopDevice) for USB_StopDevice
    stm32f1xx_hal_pcd.o(i.HAL_PCD_Stop) refers to stm32f1xx_ll_usb.o(i.USB_DevDisconnect) for USB_DevDisconnect
    stm32f1xx_hal_pcd.o(i.PCD_EP_ISR_Handler) refers to usbd_conf.o(i.HAL_PCD_DataInStageCallback) for HAL_PCD_DataInStageCallback
    stm32f1xx_hal_pcd.o(i.PCD_EP_ISR_Handler) refers to stm32f1xx_ll_usb.o(i.USB_ReadPMA) for USB_ReadPMA
    stm32f1xx_hal_pcd.o(i.PCD_EP_ISR_Handler) refers to usbd_conf.o(i.HAL_PCD_SetupStageCallback) for HAL_PCD_SetupStageCallback
[...]
    i.HAL_PCD_EP_Transmit                    0x08002744   Section        0  stm32f1xx_hal_pcd.o(i.HAL_PCD_EP_Transmit)
    i.HAL_PCD_IRQHandler                     0x080027b0   Section        0  stm32f1xx_hal_pcd.o(i.HAL_PCD_IRQHandler)
    i.HAL_PCD_ResetCallback                  0x08002914   Section        0  usbd_conf.o(i.HAL_PCD_ResetCallback)
    i.HAL_PCD_ResumeCallback                 0x0800293e   Section        0  usbd_conf.o(i.HAL_PCD_ResumeCallback)
    i.HAL_PCD_SOFCallback                    0x0800294c   Section        0  usbd_conf.o(i.HAL_PCD_SOFCallback)
    i.HAL_PCD_SetAddress                     0x0800295a   Section        0  stm32f1xx_hal_pcd.o(i.HAL_PCD_SetAddress)
    i.HAL_PCD_SetupStageCallback             0x08002990   Section        0  usbd_conf.o(i.HAL_PCD_SetupStageCallback)
    i.HAL_PCD_SuspendCallback                0x080029a4   Section        0  usbd_conf.o(i.HAL_PCD_SuspendCallback)
    i.HAL_RCCEx_PeriphCLKConfig              0x080029c8   Section        0  stm32f1xx_hal_rcc_ex.o(i.HAL_RCCEx_PeriphCLKConfig)
    i.HAL_RCC_ClockConfig                    0x08002b44   Section        0  stm32f1xx_hal_rcc.o(i.HAL_RCC_ClockConfig)
    i.HAL_RCC_GetHCLKFreq                    0x08002ddc   Section        0  stm32f1xx_hal_rcc.o(i.HAL_RCC_GetHCLKFreq)
    i.HAL_RCC_GetPCLK1Freq                   0x08002de8   Section        0  stm32f1xx_hal_rcc.o(i.HAL_RCC_GetPCLK1Freq)
    i.HAL_RCC_GetPCLK2Freq                   0x08002e14   Section        0  stm32f1xx_hal_rcc.o(i.HAL_RCC_GetPCLK2Freq)
    i.HAL_RCC_GetSysClockFreq                0x08002e40   Section        0  stm32f1xx_hal_rcc.o(i.HAL_RCC_GetSysClockFreq)
    i.HAL_RCC_OscConfig                      0x08002ef4   Section        0  stm32f1xx_hal_rcc.o(i.HAL_RCC_OscConfig)
    i.HAL_SYSTICK_CLKSourceConfig            0x0800376c   Section        0  stm32f1xx_hal_cortex.o(i.HAL_SYSTICK_CLKSourceConfig)
    i.HAL_SYSTICK_Callback                   0x08003794   Section        0  stm32f1xx_hal_cortex.o(i.HAL_SYSTICK_Callback)
    i.HAL_SYSTICK_Config                     0x08003796   Section        0  stm32f1xx_hal_cortex.o(i.HAL_SYSTICK_Config)
    i.HAL_SYSTICK_IRQHandler                 0x080037ca   Section        0  stm32f1xx_hal_cortex.o(i.HAL_SYSTICK_IRQHandler)
    i.HAL_TIMEx_BreakCallback                0x080037d2   Section        0  stm32f1xx_hal_tim_ex.o(i.HAL_TIMEx_BreakCallback)
    i.HAL_TIMEx_CommutationCallback          0x080037d4   Section        0  stm32f1xx_hal_tim_ex.o(i.HAL_TIMEx_CommutationCallback)
    i.HAL_TIMEx_MasterConfigSynchronization  0x080037d6   Section        0  stm32f1xx_hal_tim_ex.o(i.HAL_TIMEx_MasterConfigSynchronization)
    i.HAL_TIM_Base_Init                      0x08003838   Section        0  stm32f1xx_hal_tim.o(i.HAL_TIM_Base_Init)
    i.HAL_TIM_Base_MspInit                   0x0800386c   Section        0  stm32f1xx_hal_msp.o(i.HAL_TIM_Base_MspInit)
    i.HAL_TIM_Base_Start_IT                  0x08003920   Section        0  stm32f1xx_hal_tim.o(i.HAL_TIM_Base_Start_IT)
    i.HAL_TIM_Base_Stop_IT                   0x0800393e   Section        0  stm32f1xx_hal_tim.o(i.HAL_TIM_Base_Stop_IT)
    i.HAL_TIM_ConfigClockSource              0x08003976   Section        0  stm32f1xx_hal_tim.o(i.HAL_TIM_ConfigClockSource)
    i.HAL_TIM_IC_CaptureCallback             0x08003aa8   Section        0  stm32f1xx_hal_tim.o(i.HAL_TIM_IC_CaptureCallback)
    i.HAL_TIM_IRQHandler                     0x08003aaa   Section        0  stm32f1xx_hal_tim.o(i.HAL_TIM_IRQHandler)
    i.HAL_TIM_OC_DelayElapsedCallback        0x08003c40   Section        0  stm32f1xx_hal_tim.o(i.HAL_TIM_OC_DelayElapsedCallback)
    i.HAL_TIM_PWM_PulseFinishedCallback      0x08003c42   Section        0  stm32f1xx_hal_tim.o(i.HAL_TIM_PWM_PulseFinishedCallback)
    i.HAL_TIM_PeriodElapsedCallback          0x08003c44   Section        0  main.o(i.HAL_TIM_PeriodElapsedCallback)
    i.HAL_TIM_TriggerCallback                0x08003cec   Section        0  stm32f1xx_hal_tim.o(i.HAL_TIM_TriggerCallback)
    i.HAL_UART_DMAStop                       0x08003cee   Section        0  stm32f1xx_hal_uart.o(i.HAL_UART_DMAStop)
    i.HAL_UART_ErrorCallback                 0x08003d1c   Section        0  stm32f1xx_hal_uart.o(i.HAL_UART_ErrorCallback)
    i.HAL_UART_Init                          0x08003d1e   Section        0  stm32f1xx_hal_uart.o(i.HAL_UART_Init)
    i.HAL_UART_MspInit                       0x08003d8c   Section        0  stm32f1xx_hal_msp.o(i.HAL_UART_MspInit)
    i.HAL_UART_Receive_DMA                   0x08003e74   Section        0  stm32f1xx_hal_uart.o(i.HAL_UART_Receive_DMA)
    i.HAL_UART_RxCpltCallback                0x08003f14   Section        0  stm32f1xx_hal_uart.o(i.HAL_UART_RxCpltCallback)
    i.HAL_UART_RxHalfCpltCallback            0x08003f16   Section        0  stm32f1xx_hal_uart.o(i.HAL_UART_RxHalfCpltCallback)
    i.HAL_UART_Transmit                      0x08003f18   Section        0  stm32f1xx_hal_uart.o(i.HAL_UART_Transmit)
    i.HAL_UART_Transmit_DMA                  0x08004008   Section        0  stm32f1xx_hal_uart.o(i.HAL_UART_Transmit_DMA)
    i.HAL_UART_TxCpltCallback                0x0800409c   Section        0  stm32f1xx_hal_uart.o(i.HAL_UART_TxCpltCallback)
    i.HardFault_Handler                      0x0800409e   Section        0  stm32f1xx_it.o(i.HardFault_Handler)
    i.Hardware_Init                          0x080040a4   Section        0  hardware.o(i.Hardware_Init)
    i.InitTestPara                           0x08004160   Section        0  process_ctrl.o(i.InitTestPara)
    i.InitTestResult                         0x080041ac   Section        0  process_ctrl.o(i.InitTestResult)
    i.MX_DMA_Init                            0x080041c0   Section        0  hardware.o(i.MX_DMA_Init)
    MX_DMA_Init                              0x080041c1   Thumb Code    64  hardware.o(i.MX_DMA_Init)
    i.MX_GPIO_Init                           0x08004204   Section        0  hardware.o(i.MX_GPIO_Init)
    i.MX_TIM2_Init                           0x08004394   Section        0  hardware.o(i.MX_TIM2_Init)
    i.MX_TIM3_Init                           0x080043f8   Section        0  hardware.o(i.MX_TIM3_Init)
    i.MX_TIM4_Init                           0x08004484   Section        0  hardware.o(i.MX_TIM4_Init)
    i.MX_USART1_UART_Init                    0x080044e4   Section        0  hardware.o(i.MX_USART1_UART_Init)
    i.M_AD7791_Init                          0x0800451c   Section        0  ad7791.o(i.M_AD7791_Init)
    i.M_AD7791_ReadData                      0x080047a4   Section        0  ad7791.o(i.M_AD7791_ReadData)
    i.M_AD7791_ReadDataReg                   0x080047f8   Section        0  ad7791.o(i.M_AD7791_ReadDataReg)
    i.M_AD7791_Reset                         0x080048f8   Section        0  ad7791.o(i.M_AD7791_Reset)
    i.M_AD7791_WriteModeReg                  0x08004944   Section        0  ad7791.o(i.M_AD7791_WriteModeReg)
    M_AD7791_WriteModeReg                    0x08004945   Thumb Code    24  ad7791.o(i.M_AD7791_WriteModeReg)
    i.M_AD7791_WriteReg                      0x0800495c   Section        0  ad7791.o(i.M_AD7791_WriteReg)
    i.M_Get_AD_Data                          0x080049c0   Section        0  ad7791.o(i.M_Get_AD_Data)
    i.MemManage_Handler                      0x08004a38   Section        0  stm32f1xx_it.o(i.MemManage_Handler)
    i.MonitorCH_Init                         0x08004a3c   Section        0  voltage_monitor.o(i.MonitorCH_Init)
    i.MonitorCH_InitSingle                   0x08004a78   Section        0  voltage_monitor.o(i.MonitorCH_InitSingle)
    MonitorCH_InitSingle                     0x08004a79   Thumb Code    26  voltage_monitor.o(i.MonitorCH_InitSingle)
    i.MyPow                                  0x08004a92   Section        0  calibration.o(i.MyPow)
    i.NMI_Handler                            0x08004aba   Section        0  stm32f1xx_it.o(i.NMI_Handler)
    i.NVIC_GetPriorityGrouping               0x08004abc   Section        0  stm32f1xx_hal_cortex.o(i.NVIC_GetPriorityGrouping)
    NVIC_GetPriorityGrouping                 0x08004abd   Thumb Code    10  stm32f1xx_hal_cortex.o(i.NVIC_GetPriorityGrouping)
    i.NVIC_SetPriority                       0x08004acc   Section        0  stm32f1xx_hal_cortex.o(i.NVIC_SetPriority)
    NVIC_SetPriority                         0x08004acd   Thumb Code    32  stm32f1xx_hal_cortex.o(i.NVIC_SetPriority)
    i.OutputAdjVoltage                       0x08004af4   Section        0  process_ctrl.o(i.OutputAdjVoltage)
    i.OutputNextVd                           0x08004bfc   Section        0  main.o(i.OutputNextVd)
    i.OutputNextVg                           0x08004cfc   Section        0  main.o(i.OutputNextVg)
    i.OutputVoltage                          0x08004dfc   Section        0  process_ctrl.o(i.OutputVoltage)
    i.OutputVoltageCalibration               0x08004ed0   Section        0  calibration.o(i.OutputVoltageCalibration)
    OutputVoltageCalibration                 0x08004ed1   Thumb Code    70  calibration.o(i.OutputVoltageCalibration)
    i.PCD_EP_ISR_Handler                     0x08004f28   Section        0  stm32f1xx_hal_pcd.o(i.PCD_EP_ISR_Handler)
    PCD_EP_ISR_Handler                       0x08004f29   Thumb Code  1092  stm32f1xx_hal_pcd.o(i.PCD_EP_ISR_Handler)
    i.PendSV_Handler                         0x0800536c   Section        0  stm32f1xx_it.o(i.PendSV_Handler)
    i.RelayCheck                             0x08005370   Section        0  relay.o(i.RelayCheck)
    i.ReleaseMonitorRelay                    0x08005480   Section        0  relay.o(i.ReleaseMonitorRelay)
    i.RunCalibration                         0x08005508   Section        0  calibration.o(i.RunCalibration)
    i.SVC_Handler                            0x08005548   Section        0  stm32f1xx_it.o(i.SVC_Handler)
    i.SetMonitorRelay                        0x0800554c   Section        0  relay.o(i.SetMonitorRelay)
    i.SetRangeRelay                          0x080055c8   Section        0  relay.o(i.SetRangeRelay)
    i.SetTimerAction                         0x08005668   Section        0  process_ctrl.o(i.SetTimerAction)
    i.SetTimerPara                           0x080056c4   Section        0  process_ctrl.o(i.SetTimerPara)
    i.StartNextSampling                      0x08005704   Section        0  main.o(i.StartNextSampling)
    i.SysTick_Handler                        0x0800571c   Section        0  stm32f1xx_it.o(i.SysTick_Handler)
    i.SystemClock_Config                     0x08005728   Section        0  hardware.o(i.SystemClock_Config)
    i.SystemInit                             0x080057b0   Section        0  system_stm32f1xx.o(i.SystemInit)
    i.TIM2_IRQHandler                        0x08005808   Section        0  stm32f1xx_it.o(i.TIM2_IRQHandler)
    i.TIM3_IRQHandler                        0x08005838   Section        0  stm32f1xx_it.o(i.TIM3_IRQHandler)
    i.TIM4_IRQHandler                        0x08005868   Section        0  stm32f1xx_it.o(i.TIM4_IRQHandler)
    i.TIM_Base_SetConfig                     0x08005878   Section        0  stm32f1xx_hal_tim.o(i.TIM_Base_SetConfig)
    i.TIM_ETR_SetConfig                      0x08005910   Section        0  stm32f1xx_hal_tim.o(i.TIM_ETR_SetConfig)
    TIM_ETR_SetConfig                        0x08005911   Thumb Code    24  stm32f1xx_hal_tim.o(i.TIM_ETR_SetConfig)
    i.TIM_ITRx_SetConfig                     0x08005928   Section        0  stm32f1xx_hal_tim.o(i.TIM_ITRx_SetConfig)
    TIM_ITRx_SetConfig                       0x08005929   Thumb Code    20  stm32f1xx_hal_tim.o(i.TIM_ITRx_SetConfig)
    i.TIM_TI1_ConfigInputStage               0x0800593c   Section        0  stm32f1xx_hal_tim.o(i.TIM_TI1_ConfigInputStage)
    TIM_TI1_ConfigInputStage                 0x0800593d   Thumb Code    42  stm32f1xx_hal_tim.o(i.TIM_TI1_ConfigInputStage)
    i.TIM_TI2_ConfigInputStage               0x08005966   Section        0  stm32f1xx_hal_tim.o(i.TIM_TI2_ConfigInputStage)
    TIM_TI2_ConfigInputStage                 0x08005967   Thumb Code    44  stm32f1xx_hal_tim.o(i.TIM_TI2_ConfigInputStage)
    i.UART_DMAError                          0x08005992   Section        0  stm32f1xx_hal_uart.o(i.UART_DMAError)
    UART_DMAError                            0x08005993   Thumb Code    34  stm32f1xx_hal_uart.o(i.UART_DMAError)
    i.UART_DMAReceiveCplt                    0x080059b4   Section        0  stm32f1xx_hal_uart.o(i.UART_DMAReceiveCplt)
    UART_DMAReceiveCplt                      0x080059b5   Thumb Code    62  stm32f1xx_hal_uart.o(i.UART_DMAReceiveCplt)
    i.UART_DMARxHalfCplt                     0x080059f2   Section        0  stm32f1xx_hal_uart.o(i.UART_DMARxHalfCplt)
    UART_DMARxHalfCplt                       0x080059f3   Thumb Code    14  stm32f1xx_hal_uart.o(i.UART_DMARxHalfCplt)
    i.UART_DMATransmitCplt                   0x08005a00   Section        0  stm32f1xx_hal_uart.o(i.UART_DMATransmitCplt)
    UART_DMATransmitCplt                     0x08005a01   Thumb Code    54  stm32f1xx_hal_uart.o(i.UART_DMATransmitCplt)
    i.UART_SetConfig                         0x08005a38   Section        0  stm32f1xx_hal_uart.o(i.UART_SetConfig)
    UART_SetConfig                           0x08005a39   Thumb Code   450  stm32f1xx_hal_uart.o(i.UART_SetConfig)
    i.UART_WaitOnFlagUntilTimeout            0x08005c00   Section        0  stm32f1xx_hal_uart.o(i.UART_WaitOnFlagUntilTimeout)
    UART_WaitOnFlagUntilTimeout              0x08005c01   Thumb Code   250  stm32f1xx_hal_uart.o(i.UART_WaitOnFlagUntilTimeout)
    i.USART1_IRQHandler                      0x08005cfc   Section        0  stm32f1xx_it.o(i.USART1_IRQHandler)
    i.USBD_ClrClassConfig                    0x08005e3c   Section        0  usbd_core.o(i.USBD_ClrClassConfig)
    i.USBD_ClrFeature                        0x08005e52   Section        0  usbd_ctlreq.o(i.USBD_ClrFeature)
    USBD_ClrFeature                          0x08005e53   Thumb Code    68  usbd_ctlreq.o(i.USBD_ClrFeature)
    i.USBD_CtlContinueRx                     0x08005e96   Section        0  usbd_ioreq.o(i.USBD_CtlContinueRx)
    i.USBD_CtlContinueSendData               0x08005eae   Section        0  usbd_ioreq.o(i.USBD_CtlContinueSendData)
    i.USBD_CtlError                          0x08005ec6   Section        0  usbd_ctlreq.o(i.USBD_CtlError)
    i.USBD_CtlReceiveStatus                  0x08005ede   Section        0  usbd_ioreq.o(i.USBD_CtlReceiveStatus)
    i.USBD_CtlSendData                       0x08005ef8   Section        0  usbd_ioreq.o(i.USBD_CtlSendData)
    i.USBD_CtlSendStatus                     0x08005f1a   Section        0  usbd_ioreq.o(i.USBD_CtlSendStatus)
    i.USBD_GetConfig                         0x08005f34   Section        0  usbd_ctlreq.o(i.USBD_GetConfig)
    USBD_GetConfig                           0x08005f35   Thumb Code    80  usbd_ctlreq.o(i.USBD_GetConfig)
    i.USBD_GetDescriptor                     0x08005f84   Section        0  usbd_ctlreq.o(i.USBD_GetDescriptor)
    USBD_GetDescriptor                       0x08005f85   Thumb Code   336  usbd_ctlreq.o(i.USBD_GetDescriptor)
    i.USBD_GetStatus                         0x080060d4   Section        0  usbd_ctlreq.o(i.USBD_GetStatus)
    USBD_GetStatus                           0x080060d5   Thumb Code    68  usbd_ctlreq.o(i.USBD_GetStatus)
    i.USBD_LL_ClearStallEP                   0x08006118   Section        0  usbd_conf.o(i.USBD_LL_ClearStallEP)
    i.USBD_LL_DataInStage                    0x0800612c   Section        0  usbd_core.o(i.USBD_LL_DataInStage)
    i.USBD_LL_DataOutStage                   0x08006206   Section        0  usbd_core.o(i.USBD_LL_DataOutStage)
    i.USBD_LL_IsStallEP                      0x0800628c   Section        0  usbd_conf.o(i.USBD_LL_IsStallEP)
    i.USBD_LL_OpenEP                         0x080062bc   Section        0  usbd_conf.o(i.USBD_LL_OpenEP)
    i.USBD_LL_PrepareReceive                 0x080062dc   Section        0  usbd_conf.o(i.USBD_LL_PrepareReceive)
    i.USBD_LL_Reset                          0x080062fc   Section        0  usbd_core.o(i.USBD_LL_Reset)
    i.USBD_LL_Resume                         0x08006340   Section        0  usbd_core.o(i.USBD_LL_Resume)
    i.USBD_LL_SOF                            0x0800634e   Section        0  usbd_core.o(i.USBD_LL_SOF)
    i.USBD_LL_SetSpeed                       0x08006370   Section        0  usbd_core.o(i.USBD_LL_SetSpeed)
    i.USBD_LL_SetUSBAddress                  0x08006378   Section        0  usbd_conf.o(i.USBD_LL_SetUSBAddress)
    i.USBD_LL_SetupStage                     0x0800638c   Section        0  usbd_core.o(i.USBD_LL_SetupStage)
    i.USBD_LL_StallEP                        0x080063fa   Section        0  usbd_conf.o(i.USBD_LL_StallEP)
    i.USBD_LL_Suspend                        0x0800640e   Section        0  usbd_core.o(i.USBD_LL_Suspend)
    i.USBD_LL_Transmit                       0x08006422   Section        0  usbd_conf.o(i.USBD_LL_Transmit)
    i.USBD_ParseSetupRequest                 0x08006442   Section        0  usbd_ctlreq.o(i.USBD_ParseSetupRequest)
    i.USBD_RunTestMode                       0x0800646a   Section        0  usbd_core.o(i.USBD_RunTestMode)
    i.USBD_SetAddress                        0x08006470   Section        0  usbd_ctlreq.o(i.USBD_SetAddress)
    USBD_SetAddress                          0x08006471   Thumb Code    84  usbd_ctlreq.o(i.USBD_SetAddress)
    i.USBD_SetClassConfig                    0x080064c4   Section        0  usbd_core.o(i.USBD_SetClassConfig)
    i.USBD_SetConfig                         0x080064e8   Section        0  usbd_ctlreq.o(i.USBD_SetConfig)
    USBD_SetConfig                           0x080064e9   Thumb Code   218  usbd_ctlreq.o(i.USBD_SetConfig)
    i.USBD_SetFeature                        0x080065c8   Section        0  usbd_ctlreq.o(i.USBD_SetFeature)
    USBD_SetFeature                          0x080065c9   Thumb Code    36  usbd_ctlreq.o(i.USBD_SetFeature)
    i.USBD_StdDevReq                         0x080065ec   Section        0  usbd_ctlreq.o(i.USBD_StdDevReq)
    i.USBD_StdEPReq                          0x0800665e   Section        0  usbd_ctlreq.o(i.USBD_StdEPReq)
    i.USBD_StdItfReq                         0x080067b4   Section        0  usbd_ctlreq.o(i.USBD_StdItfReq)
    i.USB_ActivateEndpoint                   0x080067fe   Section        0  stm32f1xx_ll_usb.o(i.USB_ActivateEndpoint)
    i.USB_EP0_OutStart                       0x08006ba8   Section        0  stm32f1xx_ll_usb.o(i.USB_EP0_OutStart)
    i.USB_EPClearStall                       0x08006bae   Section        0  stm32f1xx_ll_usb.o(i.USB_EPClearStall)
    i.USB_EPSetStall                         0x08006c62   Section        0  stm32f1xx_ll_usb.o(i.USB_EPSetStall)
    i.USB_EPStartXfer                        0x08006ce8   Section        0  stm32f1xx_ll_usb.o(i.USB_EPStartXfer)
    i.USB_LP_CAN1_RX0_IRQHandler             0x0800701c   Section        0  stm32f1xx_it.o(i.USB_LP_CAN1_RX0_IRQHandler)
    i.USB_ReadInterrupts                     0x0800702c   Section        0  stm32f1xx_ll_usb.o(i.USB_ReadInterrupts)
    i.USB_ReadPMA                            0x08007036   Section        0  stm32f1xx_ll_usb.o(i.USB_ReadPMA)
    i.USB_SetDevAddress                      0x0800705e   Section        0  stm32f1xx_ll_usb.o(i.USB_SetDevAddress)
    i.USB_WritePMA                           0x0800706c   Section        0  stm32f1xx_ll_usb.o(i.USB_WritePMA)
    i.Uint32to4Uint8                         0x080070ae   Section        0  internalflash.o(i.Uint32to4Uint8)
    Uint32to4Uint8                           0x080070af   Thumb Code    20  internalflash.o(i.Uint32to4Uint8)
    i.UsageFault_Handler                     0x080070c2   Section        0  stm32f1xx_it.o(i.UsageFault_Handler)
    i.ZeroCrrentCalibration                  0x080070c8   Section        0  calibration.o(i.ZeroCrrentCalibration)
    ZeroCrrentCalibration                    0x080070c9   Thumb Code   196  calibration.o(i.ZeroCrrentCalibration)
    i.__0sprintf$bare                        0x080071a4   Section        0  printfb.o(i.__0sprintf$bare)
    i.__scatterload_copy                     0x080071c8   Section       14  handlers.o(i.__scatterload_copy)
    i.__scatterload_null                     0x080071d6   Section        2  handlers.o(i.__scatterload_null)
    i.__scatterload_zeroinit                 0x080071d8   Section       14  handlers.o(i.__scatterload_zeroinit)
    i._printf_core                           0x080071e6   Section        0  printfb.o(i._printf_core)
    _printf_core                             0x080071e7   Thumb Code    34  printfb.o(i._printf_core)
    i._sputc                                 0x08007208   Section        0  printfb.o(i._sputc)
    _sputc                                   0x08007209   Thumb Code    10  printfb.o(i._sputc)
    i.delay_init                             0x08007214   Section        0  delay.o(i.delay_init)
    i.delay_us                               0x08007228   Section        0  delay.o(i.delay_us)
    i.main                                   0x08007270   Section        0  main.o(i.main)
    i.prepareTxData                          0x08007520   Section        0  process_ctrl.o(i.prepareTxData)
    .constdata                               0x08007574   Section       24  system_stm32f1xx.o(.constdata)
    .data                                    0x20000000   Section        4  stm32f1xx_hal.o(.data)
    uwTick                                   0x20000000   Data           4  stm32f1xx_hal.o(.data)
    .data                                    0x20000004   Section        4  system_stm32f1xx.o(.data)
    .data                                    0x20000008   Section        1  usbd_ctlreq.o(.data)
    cfgidx                                   0x20000008   Data           1  usbd_ctlreq.o(.data)
    .data                                    0x2000000a   Section        7  main.o(.data)
    .data                                    0x20000014   Section       32  voltage_monitor.o(.data)
    .data                                    0x20000034   Section        1  delay.o(.data)
    .bss                                     0x20000038   Section       32  stm32f1xx_hal_flash.o(.bss)
    .bss                                     0x20000058   Section     1180  usbd_conf.o(.bss)
    mem                                      0x20000478   Data         124  usbd_conf.o(.bss)
    .bss                                     0x200004f4   Section     1104  main.o(.bss)
    .bss                                     0x20000944   Section      592  hardware.o(.bss)
    .bss                                     0x20000b94   Section      140  calibration.o(.bss)
    .bss                                     0x20000c20   Section       10  relay.o(.bss)
    .bss                                     0x20000c2c   Section      128  ad7791.o(.bss)
    STACK                                    0x20000cb0   Section     1024  startup_stm32f103xe.o(STACK)

    Global Symbols

    Symbol Name                              Value     Ov Type        Size  Object(Section)

    BuildAttributes$$THM_ISAv4$P$D$K$B$S$PE$A:L22UL41UL21$X:L11$S22US41US21$IEEE1$IW$USESV6$~STKCKD$USESV7$~SHL$OTIME$ROPI$EBA8$MICROLIB$REQ8$PRES8$EABIv2 0x00000000   Number         0  anon$$obj.o ABSOLUTE
    __ARM_use_no_argv                        0x00000000   Number         0  main.o ABSOLUTE
    __cpp_initialize__aeabi_                  - Undefined Weak Reference
    __cxa_finalize                            - Undefined Weak Reference
    __decompress                              - Undefined Weak Reference
    _clock_init                               - Undefined Weak Reference
    _microlib_exit                            - Undefined Weak Reference
    __Vectors_Size                           0x00000130   Number         0  startup_stm32f103xe.o ABSOLUTE
    __Vectors                                0x08000000   Data           4  startup_stm32f103xe.o(RESET)
    __Vectors_End                            0x08000130   Data           0  startup_stm32f103xe.o(RESET)
    __main                                   0x08000131   Thumb Code     0  entry.o(.ARM.Collect$$$$00000000)
    _main_stk                                0x08000131   Thumb Code     0  entry2.o(.ARM.Collect$$$$00000001)
    _main_scatterload                        0x08000135   Thumb Code     0  entry5.o(.ARM.Collect$$$$00000004)
    __main_after_scatterload                 0x08000139   Thumb Code     0  entry5.o(.ARM.Collect$$$$00000004)
    _main_clock                              0x08000139   Thumb Code     0  entry7b.o(.ARM.Collect$$$$00000008)
    _main_cpp_init                           0x08000139   Thumb Code     0  entry8b.o(.ARM.Collect$$$$0000000A)
    _main_init                               0x08000139   Thumb Code     0  entry9a.o(.ARM.Collect$$$$0000000B)
    __rt_final_cpp                           0x08000141   Thumb Code     0  entry10a.o(.ARM.Collect$$$$0000000D)
    __rt_final_exit                          0x08000141   Thumb Code     0  entry11a.o(.ARM.Collect$$$$0000000F)
    Reset_Handler                            0x08000145   Thumb Code     8  startup_stm32f103xe.o(.text)
    ADC1_2_IRQHandler                        0x0800015f   Thumb Code     0  startup_stm32f103xe.o(.text)
    ADC3_IRQHandler                          0x0800015f   Thumb Code     0  startup_stm32f103xe.o(.text)
    CAN1_RX1_IRQHandler                      0x0800015f   Thumb Code     0  startup_stm32f103xe.o(.text)
    CAN1_SCE_IRQHandler                      0x0800015f   Thumb Code     0  startup_stm32f103xe.o(.text)
    DMA1_Channel1_IRQHandler                 0x0800015f   Thumb Code     0  startup_stm32f103xe.o(.text)
    DMA1_Channel2_IRQHandler                 0x0800015f   Thumb Code     0  startup_stm32f103xe.o(.text)
    DMA1_Channel3_IRQHandler                 0x0800015f   Thumb Code     0  startup_stm32f103xe.o(.text)
    DMA1_Channel6_IRQHandler                 0x0800015f   Thumb Code     0  startup_stm32f103xe.o(.text)
    DMA1_Channel7_IRQHandler                 0x0800015f   Thumb Code     0  startup_stm32f103xe.o(.text)
    DMA2_Channel1_IRQHandler                 0x0800015f   Thumb Code     0  startup_stm32f103xe.o(.text)
    DMA2_Channel2_IRQHandler                 0x0800015f   Thumb Code     0  startup_stm32f103xe.o(.text)
    DMA2_Channel3_IRQHandler                 0x0800015f   Thumb Code     0  startup_stm32f103xe.o(.text)
    DMA2_Channel4_5_IRQHandler               0x0800015f   Thumb Code     0  startup_stm32f103xe.o(.text)
    EXTI0_IRQHandler                         0x0800015f   Thumb Code     0  startup_stm32f103xe.o(.text)
    EXTI15_10_IRQHandler                     0x0800015f   Thumb Code     0  startup_stm32f103xe.o(.text)
    EXTI1_IRQHandler                         0x0800015f   Thumb Code     0  startup_stm32f103xe.o(.text)
    EXTI2_IRQHandler                         0x0800015f   Thumb Code     0  startup_stm32f103xe.o(.text)
    EXTI3_IRQHandler                         0x0800015f   Thumb Code     0  startup_stm32f103xe.o(.text)
    EXTI4_IRQHandler                         0x0800015f   Thumb Code     0  startup_stm32f103xe.o(.text)
    EXTI9_5_IRQHandler                       0x0800015f   Thumb Code     0  startup_stm32f103xe.o(.text)
    FLASH_IRQHandler                         0x0800015f   Thumb Code     0  startup_stm32f103xe.o(.text)
    FSMC_IRQHandler                          0x0800015f   Thumb Code     0  startup_stm32f103xe.o(.text)
    I2C1_ER_IRQHandler                       0x0800015f   Thumb Code     0  startup_stm32f103xe.o(.text)
    I2C1_EV_IRQHandler                       0x0800015f   Thumb Code     0  startup_stm32f103xe.o(.text)
    I2C2_ER_IRQHandler                       0x0800015f   Thumb Code     0  startup_stm32f103xe.o(.text)
    I2C2_EV_IRQHandler                       0x0800015f   Thumb Code     0  startup_stm32f103xe.o(.text)
    PVD_IRQHandler                           0x0800015f   Thumb Code     0  startup_stm32f103xe.o(.text)
    RCC_IRQHandler                           0x0800015f   Thumb Code     0  startup_stm32f103xe.o(.text)
    RTC_Alarm_IRQHandler                     0x0800015f   Thumb Code     0  startup_stm32f103xe.o(.text)
    RTC_IRQHandler                           0x0800015f   Thumb Code     0  startup_stm32f103xe.o(.text)
    SDIO_IRQHandler                          0x0800015f   Thumb Code     0  startup_stm32f103xe.o(.text)
    SPI1_IRQHandler                          0x0800015f   Thumb Code     0  startup_stm32f103xe.o(.text)
    SPI2_IRQHandler                          0x0800015f   Thumb Code     0  startup_stm32f103xe.o(.text)
    SPI3_IRQHandler                          0x0800015f   Thumb Code     0  startup_stm32f103xe.o(.text)
    TAMPER_IRQHandler                        0x0800015f   Thumb Code     0  startup_stm32f103xe.o(.text)
    TIM1_BRK_IRQHandler                      0x0800015f   Thumb Code     0  startup_stm32f103xe.o(.text)
    TIM1_CC_IRQHandler                       0x0800015f   Thumb Code     0  startup_stm32f103xe.o(.text)
    TIM1_TRG_COM_IRQHandler                  0x0800015f   Thumb Code     0  startup_stm32f103xe.o(.text)
    TIM1_UP_IRQHandler                       0x0800015f   Thumb Code     0  startup_stm32f103xe.o(.text)
    TIM5_IRQHandler                          0x0800015f   Thumb Code     0  startup_stm32f103xe.o(.text)
    TIM6_IRQHandler                          0x0800015f   Thumb Code     0  startup_stm32f103xe.o(.text)
    TIM7_IRQHandler                          0x0800015f   Thumb Code     0  startup_stm32f103xe.o(.text)
    TIM8_BRK_IRQHandler                      0x0800015f   Thumb Code     0  startup_stm32f103xe.o(.text)
    TIM8_CC_IRQHandler                       0x0800015f   Thumb Code     0  startup_stm32f103xe.o(.text)
    TIM8_TRG_COM_IRQHandler                  0x0800015f   Thumb Code     0  startup_stm32f103xe.o(.text)
    TIM8_UP_IRQHandler                       0x0800015f   Thumb Code     0  startup_stm32f103xe.o(.text)
    UART4_IRQHandler                         0x0800015f   Thumb Code     0  startup_stm32f103xe.o(.text)
    UART5_IRQHandler                         0x0800015f   Thumb Code     0  startup_stm32f103xe.o(.text)
    USART2_IRQHandler                        0x0800015f   Thumb Code     0  startup_stm32f103xe.o(.text)
    USART3_IRQHandler                        0x0800015f   Thumb Code     0  startup_stm32f103xe.o(.text)
    USBWakeUp_IRQHandler                     0x0800015f   Thumb Code     0  startup_stm32f103xe.o(.text)
    USB_HP_CAN1_TX_IRQHandler                0x0800015f   Thumb Code     0  startup_stm32f103xe.o(.text)
    WWDG_IRQHandler                          0x0800015f   Thumb Code     0  startup_stm32f103xe.o(.text)
    __aeabi_llsr                             0x08000169   Thumb Code    32  llushr.o(.text)
    _ll_ushift_r                             0x08000169   Thumb Code     0  llushr.o(.text)
    __aeabi_fadd                             0x08000189   Thumb Code   164  fadd.o(.text)
    __aeabi_fsub                             0x0800022d   Thumb Code     6  fadd.o(.text)
    __aeabi_frsub                            0x08000233   Thumb Code     6  fadd.o(.text)
    __aeabi_fmul                             0x08000239   Thumb Code   100  fmul.o(.text)
    __aeabi_fdiv                             0x0800029d   Thumb Code   124  fdiv.o(.text)
    __aeabi_dadd                             0x08000319   Thumb Code   322  dadd.o(.text)
    __aeabi_dsub                             0x0800045b   Thumb Code     6  dadd.o(.text)
    __aeabi_drsub                            0x08000461   Thumb Code     6  dadd.o(.text)
    __aeabi_dmul                             0x08000467   Thumb Code   228  dmul.o(.text)
    __aeabi_ddiv                             0x0800054b   Thumb Code   222  ddiv.o(.text)
    __aeabi_i2f                              0x08000629   Thumb Code    18  fflti.o(.text)
    __aeabi_ui2f                             0x0800063b   Thumb Code    10  ffltui.o(.text)
    __aeabi_ui2d                             0x08000645   Thumb Code    26  dfltui.o(.text)
    __aeabi_f2uiz                            0x0800065f   Thumb Code    40  ffixui.o(.text)
    __aeabi_d2uiz                            0x08000687   Thumb Code    50  dfixui.o(.text)
    __aeabi_f2d                              0x080006b9   Thumb Code    38  f2d.o(.text)
    __aeabi_d2f                              0x080006df   Thumb Code    56  d2f.o(.text)
    __aeabi_cfcmpeq                          0x08000719   Thumb Code     0  cfcmple.o(.text)
    __aeabi_cfcmple                          0x08000719   Thumb Code    20  cfcmple.o(.text)
    __aeabi_cfrcmple                         0x0800072d   Thumb Code    20  cfrcmple.o(.text)
    __aeabi_llsl                             0x08000741   Thumb Code    30  llshl.o(.text)
    _ll_shift_l                              0x08000741   Thumb Code     0  llshl.o(.text)
    __aeabi_lasr                             0x0800075f   Thumb Code    36  llsshr.o(.text)
    _ll_sshift_r                             0x0800075f   Thumb Code     0  llsshr.o(.text)
    __I$use$fp                               0x08000783   Thumb Code     0  iusefp.o(.text)
    _float_round                             0x08000783   Thumb Code    18  fepilogue.o(.text)
    _float_epilogue                          0x08000795   Thumb Code    92  fepilogue.o(.text)
    _double_round                            0x080007f1   Thumb Code    30  depilogue.o(.text)
    _double_epilogue                         0x0800080f   Thumb Code   156  depilogue.o(.text)
    __scatterload                            0x080008ad   Thumb Code    28  init.o(.text)
    __scatterload_rt2                        0x080008ad   Thumb Code     0  init.o(.text)
    AD5687R_Init                             0x0800097d   Thumb Code   202  ad5687r.o(i.AD5687R_Init)
    AD5687R_WriteIR                          0x08000b17   Thumb Code   146  ad5687r.o(i.AD5687R_WriteIR)
    AD7988_1_Init                            0x08000bbd   Thumb Code   108  ad7988_1.o(i.AD7988_1_Init)
    AD7988_1_ReadData                        0x08000c43   Thumb Code    96  ad7988_1.o(i.AD7988_1_ReadData)
    BusFault_Handler                         0x08000ca3   Thumb Code     4  stm32f1xx_it.o(i.BusFault_Handler)
    Cali_Crrent_Neg                          0x08000ca9   Thumb Code    36  calibration.o(i.Cali_Crrent_Neg)
    Cali_Crrent_Pos                          0x08000cd1   Thumb Code    32  calibration.o(i.Cali_Crrent_Pos)
    ClearAllVoltage                          0x08000d2d   Thumb Code    28  process_ctrl.o(i.ClearAllVoltage)
    ClearRangeRelay                          0x08000d49   Thumb Code    98  relay.o(i.ClearRangeRelay)
    CommitAdjustment                         0x08000db5   Thumb Code   278  calibration.o(i.CommitAdjustment)
    ConnectAllOutput                         0x08000ee1   Thumb Code    16  relay.o(i.ConnectAllOutput)
    ConnectDrain                             0x08000ef1   Thumb Code    14  relay.o(i.ConnectDrain)
    ConnectGate                              0x08000f05   Thumb Code    14  relay.o(i.ConnectGate)
    ConnectSub                               0x08000f19   Thumb Code    14  relay.o(i.ConnectSub)
    DMA1_Channel4_IRQHandler                 0x080010a1   Thumb Code    10  stm32f1xx_it.o(i.DMA1_Channel4_IRQHandler)
    DMA1_Channel5_IRQHandler                 0x080010b1   Thumb Code    10  stm32f1xx_it.o(i.DMA1_Channel5_IRQHandler)
    DebugMon_Handler                         0x080010e1   Thumb Code     2  stm32f1xx_it.o(i.DebugMon_Handler)
    DisconnectAllOutput                      0x080010e3   Thumb Code    16  relay.o(i.DisconnectAllOutput)
    DisconnectDrain                          0x080010f5   Thumb Code    14  relay.o(i.DisconnectDrain)
    DisconnectGate                           0x08001109   Thumb Code    14  relay.o(i.DisconnectGate)
    DisconnectSub                            0x0800111d   Thumb Code    14  relay.o(i.DisconnectSub)
    Do_Calculation                           0x08001131   Thumb Code   230  calculation.o(i.Do_Calculation)
    EnterEndofTest                           0x08001231   Thumb Code    30  main.o(i.EnterEndofTest)
    Error_Handler                            0x08001261   Thumb Code     4  main.o(i.Error_Handler)
    FLASH_PageErase                          0x0800128d   Thumb Code    32  stm32f1xx_hal_flash_ex.o(i.FLASH_PageErase)
    FLASH_WaitForLastOperation               0x0800133d   Thumb Code   106  stm32f1xx_hal_flash.o(i.FLASH_WaitForLastOperation)
    FlashErase                               0x080013ad   Thumb Code    42  internalflash.o(i.FlashErase)
    FlashSaveCaliData                        0x080013dd   Thumb Code   260  calibration.o(i.FlashSaveCaliData)
    GetFlashData_Float                       0x080014f5   Thumb Code    46  internalflash.o(i.GetFlashData_Float)
    GetMonitorVoltage                        0x08001525   Thumb Code   166  voltage_monitor.o(i.GetMonitorVoltage)
    GetMsgType                               0x080015e1   Thumb Code    48  process_ctrl.o(i.GetMsgType)
    GetRelayPara                             0x08001611   Thumb Code    76  relay.o(i.GetRelayPara)
    GetTestPara                              0x0800165d   Thumb Code   222  process_ctrl.o(i.GetTestPara)
    HAL_DMA_Abort                            0x0800173b   Thumb Code    98  stm32f1xx_hal_dma.o(i.HAL_DMA_Abort)
    HAL_DMA_IRQHandler                       0x0800179d   Thumb Code  1548  stm32f1xx_hal_dma.o(i.HAL_DMA_IRQHandler)
    HAL_DMA_Init                             0x08001db1   Thumb Code    84  stm32f1xx_hal_dma.o(i.HAL_DMA_Init)
    HAL_DMA_Start_IT                         0x08001e05   Thumb Code   106  stm32f1xx_hal_dma.o(i.HAL_DMA_Start_IT)
    HAL_Delay                                0x08001e6f   Thumb Code    26  stm32f1xx_hal.o(i.HAL_Delay)
    HAL_FLASHEx_Erase                        0x08001e89   Thumb Code   168  stm32f1xx_hal_flash_ex.o(i.HAL_FLASHEx_Erase)
    HAL_FLASH_Lock                           0x08001f39   Thumb Code    16  stm32f1xx_hal_flash.o(i.HAL_FLASH_Lock)
    HAL_FLASH_Program                        0x08001f4d   Thumb Code   168  stm32f1xx_hal_flash.o(i.HAL_FLASH_Program)
    HAL_FLASH_Unlock                         0x08001ffd   Thumb Code    30  stm32f1xx_hal_flash.o(i.HAL_FLASH_Unlock)
    HAL_GPIO_Init                            0x08002029   Thumb Code   790  stm32f1xx_hal_gpio.o(i.HAL_GPIO_Init)
    HAL_GPIO_ReadPin                         0x08002369   Thumb Code    16  stm32f1xx_hal_gpio.o(i.HAL_GPIO_ReadPin)
    HAL_GPIO_TogglePin                       0x08002379   Thumb Code     8  stm32f1xx_hal_gpio.o(i.HAL_GPIO_TogglePin)
    HAL_GPIO_WritePin                        0x08002381   Thumb Code    12  stm32f1xx_hal_gpio.o(i.HAL_GPIO_WritePin)
    HAL_GetTick                              0x0800238d   Thumb Code     6  stm32f1xx_hal.o(i.HAL_GetTick)
    HAL_IncTick                              0x08002399   Thumb Code    12  stm32f1xx_hal.o(i.HAL_IncTick)
    HAL_Init                                 0x080023a9   Thumb Code    34  stm32f1xx_hal.o(i.HAL_Init)
    HAL_InitTick                             0x080023d1   Thumb Code    36  stm32f1xx_hal.o(i.HAL_InitTick)
    HAL_MspInit                              0x080023f5   Thumb Code   154  stm32f1xx_hal_msp.o(i.HAL_MspInit)
    HAL_NVIC_EnableIRQ                       0x08002499   Thumb Code    26  stm32f1xx_hal_cortex.o(i.HAL_NVIC_EnableIRQ)
    HAL_NVIC_SetPriority                     0x080024b3   Thumb Code   124  stm32f1xx_hal_cortex.o(i.HAL_NVIC_SetPriority)
    HAL_NVIC_SetPriorityGrouping             0x08002531   Thumb Code    32  stm32f1xx_hal_cortex.o(i.HAL_NVIC_SetPriorityGrouping)
    HAL_PCD_DataInStageCallback              0x08002559   Thumb Code    28  usbd_conf.o(i.HAL_PCD_DataInStageCallback)
    HAL_PCD_DataOutStageCallback             0x08002575   Thumb Code    28  usbd_conf.o(i.HAL_PCD_DataOutStageCallback)
    HAL_PCD_EP_ClrStall                      0x08002591   Thumb Code    98  stm32f1xx_hal_pcd.o(i.HAL_PCD_EP_ClrStall)
    HAL_PCD_EP_Open                          0x080025f3   Thumb Code   118  stm32f1xx_hal_pcd.o(i.HAL_PCD_EP_Open)
    HAL_PCD_EP_Receive                       0x08002669   Thumb Code   106  stm32f1xx_hal_pcd.o(i.HAL_PCD_EP_Receive)
    HAL_PCD_EP_SetStall                      0x080026d3   Thumb Code   114  stm32f1xx_hal_pcd.o(i.HAL_PCD_EP_SetStall)
    HAL_PCD_EP_Transmit                      0x08002745   Thumb Code   108  stm32f1xx_hal_pcd.o(i.HAL_PCD_EP_Transmit)
    HAL_PCD_IRQHandler                       0x080027b1   Thumb Code   356  stm32f1xx_hal_pcd.o(i.HAL_PCD_IRQHandler)
    HAL_PCD_ResetCallback                    0x08002915   Thumb Code    42  usbd_conf.o(i.HAL_PCD_ResetCallback)
    HAL_PCD_ResumeCallback                   0x0800293f   Thumb Code    14  usbd_conf.o(i.HAL_PCD_ResumeCallback)
    HAL_PCD_SOFCallback                      0x0800294d   Thumb Code    14  usbd_conf.o(i.HAL_PCD_SOFCallback)
    HAL_PCD_SetAddress                       0x0800295b   Thumb Code    54  stm32f1xx_hal_pcd.o(i.HAL_PCD_SetAddress)
    HAL_PCD_SetupStageCallback               0x08002991   Thumb Code    18  usbd_conf.o(i.HAL_PCD_SetupStageCallback)
    HAL_PCD_SuspendCallback                  0x080029a5   Thumb Code    30  usbd_conf.o(i.HAL_PCD_SuspendCallback)
    HAL_RCCEx_PeriphCLKConfig                0x080029c9   Thumb Code   366  stm32f1xx_hal_rcc_ex.o(i.HAL_RCCEx_PeriphCLKConfig)
    HAL_RCC_ClockConfig                      0x08002b45   Thumb Code   648  stm32f1xx_hal_rcc.o(i.HAL_RCC_ClockConfig)
    HAL_RCC_GetHCLKFreq                      0x08002ddd   Thumb Code     6  stm32f1xx_hal_rcc.o(i.HAL_RCC_GetHCLKFreq)
    HAL_RCC_GetPCLK1Freq                     0x08002de9   Thumb Code    36  stm32f1xx_hal_rcc.o(i.HAL_RCC_GetPCLK1Freq)
    HAL_RCC_GetPCLK2Freq                     0x08002e15   Thumb Code    36  stm32f1xx_hal_rcc.o(i.HAL_RCC_GetPCLK2Freq)
    HAL_RCC_GetSysClockFreq                  0x08002e41   Thumb Code   146  stm32f1xx_hal_rcc.o(i.HAL_RCC_GetSysClockFreq)
    HAL_RCC_OscConfig                        0x08002ef5   Thumb Code  2164  stm32f1xx_hal_rcc.o(i.HAL_RCC_OscConfig)
    HAL_SYSTICK_CLKSourceConfig              0x0800376d   Thumb Code    40  stm32f1xx_hal_cortex.o(i.HAL_SYSTICK_CLKSourceConfig)
    HAL_SYSTICK_Callback                     0x08003795   Thumb Code     2  stm32f1xx_hal_cortex.o(i.HAL_SYSTICK_Callback)
    HAL_SYSTICK_Config                       0x08003797   Thumb Code    52  stm32f1xx_hal_cortex.o(i.HAL_SYSTICK_Config)
    HAL_SYSTICK_IRQHandler                   0x080037cb   Thumb Code     8  stm32f1xx_hal_cortex.o(i.HAL_SYSTICK_IRQHandler)
    HAL_TIMEx_BreakCallback                  0x080037d3   Thumb Code     2  stm32f1xx_hal_tim_ex.o(i.HAL_TIMEx_BreakCallback)
    HAL_TIMEx_CommutationCallback            0x080037d5   Thumb Code     2  stm32f1xx_hal_tim_ex.o(i.HAL_TIMEx_CommutationCallback)
    HAL_TIMEx_MasterConfigSynchronization    0x080037d7   Thumb Code    98  stm32f1xx_hal_tim_ex.o(i.HAL_TIMEx_MasterConfigSynchronization)
    HAL_TIM_Base_Init                        0x08003839   Thumb Code    52  stm32f1xx_hal_tim.o(i.HAL_TIM_Base_Init)
    HAL_TIM_Base_MspInit                     0x0800386d   Thumb Code   166  stm32f1xx_hal_msp.o(i.HAL_TIM_Base_MspInit)
    HAL_TIM_Base_Start_IT                    0x08003921   Thumb Code    30  stm32f1xx_hal_tim.o(i.HAL_TIM_Base_Start_IT)
    HAL_TIM_Base_Stop_IT                     0x0800393f   Thumb Code    56  stm32f1xx_hal_tim.o(i.HAL_TIM_Base_Stop_IT)
    HAL_TIM_ConfigClockSource                0x08003977   Thumb Code   306  stm32f1xx_hal_tim.o(i.HAL_TIM_ConfigClockSource)
    HAL_TIM_IC_CaptureCallback               0x08003aa9   Thumb Code     2  stm32f1xx_hal_tim.o(i.HAL_TIM_IC_CaptureCallback)
    HAL_TIM_IRQHandler                       0x08003aab   Thumb Code   406  stm32f1xx_hal_tim.o(i.HAL_TIM_IRQHandler)
    HAL_TIM_OC_DelayElapsedCallback          0x08003c41   Thumb Code     2  stm32f1xx_hal_tim.o(i.HAL_TIM_OC_DelayElapsedCallback)
    HAL_TIM_PWM_PulseFinishedCallback        0x08003c43   Thumb Code     2  stm32f1xx_hal_tim.o(i.HAL_TIM_PWM_PulseFinishedCallback)
    HAL_TIM_PeriodElapsedCallback            0x08003c45   Thumb Code   134  main.o(i.HAL_TIM_PeriodElapsedCallback)
    HAL_TIM_TriggerCallback                  0x08003ced   Thumb Code     2  stm32f1xx_hal_tim.o(i.HAL_TIM_TriggerCallback)
    HAL_UART_DMAStop                         0x08003cef   Thumb Code    46  stm32f1xx_hal_uart.o(i.HAL_UART_DMAStop)
    HAL_UART_ErrorCallback                   0x08003d1d   Thumb Code     2  stm32f1xx_hal_uart.o(i.HAL_UART_ErrorCallback)
    HAL_UART_Init                            0x08003d1f   Thumb Code   110  stm32f1xx_hal_uart.o(i.HAL_UART_Init)
    HAL_UART_MspInit                         0x08003d8d   Thumb Code   208  stm32f1xx_hal_msp.o(i.HAL_UART_MspInit)
    HAL_UART_Receive_DMA                     0x08003e75   Thumb Code   146  stm32f1xx_hal_uart.o(i.HAL_UART_Receive_DMA)
    HAL_UART_RxCpltCallback                  0x08003f15   Thumb Code     2  stm32f1xx_hal_uart.o(i.HAL_UART_RxCpltCallback)
    HAL_UART_RxHalfCpltCallback              0x08003f17   Thumb Code     2  stm32f1xx_hal_uart.o(i.HAL_UART_RxHalfCpltCallback)
    HAL_UART_Transmit                        0x08003f19   Thumb Code   240  stm32f1xx_hal_uart.o(i.HAL_UART_Transmit)
    HAL_UART_Transmit_DMA                    0x08004009   Thumb Code   144  stm32f1xx_hal_uart.o(i.HAL_UART_Transmit_DMA)
    HAL_UART_TxCpltCallback                  0x0800409d   Thumb Code     2  stm32f1xx_hal_uart.o(i.HAL_UART_TxCpltCallback)
    HardFault_Handler                        0x0800409f   Thumb Code     4  stm32f1xx_it.o(i.HardFault_Handler)
    Hardware_Init                            0x080040a5   Thumb Code   164  hardware.o(i.Hardware_Init)
    InitTestPara                             0x08004161   Thumb Code    56  process_ctrl.o(i.InitTestPara)
    InitTestResult                           0x080041ad   Thumb Code    18  process_ctrl.o(i.InitTestResult)
    MX_GPIO_Init                             0x08004205   Thumb Code   376  hardware.o(i.MX_GPIO_Init)
    MX_TIM2_Init                             0x08004395   Thumb Code    96  hardware.o(i.MX_TIM2_Init)
    MX_TIM3_Init                             0x080043f9   Thumb Code   124  hardware.o(i.MX_TIM3_Init)
    MX_TIM4_Init                             0x08004485   Thumb Code    86  hardware.o(i.MX_TIM4_Init)
    MX_USART1_UART_Init                      0x080044e5   Thumb Code    46  hardware.o(i.MX_USART1_UART_Init)
    M_AD7791_Init                            0x0800451d   Thumb Code   636  ad7791.o(i.M_AD7791_Init)
    M_AD7791_ReadData                        0x080047a5   Thumb Code    78  ad7791.o(i.M_AD7791_ReadData)
    M_AD7791_ReadDataReg                     0x080047f9   Thumb Code   246  ad7791.o(i.M_AD7791_ReadDataReg)
    M_AD7791_Reset                           0x080048f9   Thumb Code    76  ad7791.o(i.M_AD7791_Reset)
    M_AD7791_WriteReg                        0x0800495d   Thumb Code   100  ad7791.o(i.M_AD7791_WriteReg)
    M_Get_AD_Data                            0x080049c1   Thumb Code   120  ad7791.o(i.M_Get_AD_Data)
    MemManage_Handler                        0x08004a39   Thumb Code     4  stm32f1xx_it.o(i.MemManage_Handler)
    MonitorCH_Init                           0x08004a3d   Thumb Code    34  voltage_monitor.o(i.MonitorCH_Init)
    MyPow                                    0x08004a93   Thumb Code    40  calibration.o(i.MyPow)
    NMI_Handler                              0x08004abb   Thumb Code     2  stm32f1xx_it.o(i.NMI_Handler)
    OutputAdjVoltage                         0x08004af5   Thumb Code   244  process_ctrl.o(i.OutputAdjVoltage)
    OutputNextVd                             0x08004bfd   Thumb Code   242  main.o(i.OutputNextVd)
    OutputNextVg                             0x08004cfd   Thumb Code   242  main.o(i.OutputNextVg)
    OutputVoltage                            0x08004dfd   Thumb Code   196  process_ctrl.o(i.OutputVoltage)
    PendSV_Handler                           0x0800536d   Thumb Code     2  stm32f1xx_it.o(i.PendSV_Handler)
    RelayCheck                               0x08005371   Thumb Code   258  relay.o(i.RelayCheck)
    ReleaseMonitorRelay                      0x08005481   Thumb Code   126  relay.o(i.ReleaseMonitorRelay)
    RunCalibration                           0x08005509   Thumb Code    54  calibration.o(i.RunCalibration)
    SVC_Handler                              0x08005549   Thumb Code     2  stm32f1xx_it.o(i.SVC_Handler)
    SetMonitorRelay                          0x0800554d   Thumb Code   114  relay.o(i.SetMonitorRelay)
    SetRangeRelay                            0x080055c9   Thumb Code   152  relay.o(i.SetRangeRelay)
    SetTimerAction                           0x08005669   Thumb Code    90  process_ctrl.o(i.SetTimerAction)
    SetTimerPara                             0x080056c5   Thumb Code    52  process_ctrl.o(i.SetTimerPara)
    StartNextSampling                        0x08005705   Thumb Code    18  main.o(i.StartNextSampling)
    SysTick_Handler                          0x0800571d   Thumb Code    12  stm32f1xx_it.o(i.SysTick_Handler)
    SystemClock_Config                       0x08005729   Thumb Code   136  hardware.o(i.SystemClock_Config)
    SystemInit                               0x080057b1   Thumb Code    70  system_stm32f1xx.o(i.SystemInit)
    TIM2_IRQHandler                          0x08005809   Thumb Code    44  stm32f1xx_it.o(i.TIM2_IRQHandler)
    TIM3_IRQHandler                          0x08005839   Thumb Code    44  stm32f1xx_it.o(i.TIM3_IRQHandler)
    TIM4_IRQHandler                          0x08005869   Thumb Code    10  stm32f1xx_it.o(i.TIM4_IRQHandler)
    TIM_Base_SetConfig                       0x08005879   Thumb Code   132  stm32f1xx_hal_tim.o(i.TIM_Base_SetConfig)
    USART1_IRQHandler                        0x08005cfd   Thumb Code   302  stm32f1xx_it.o(i.USART1_IRQHandler)
    USBD_ClrClassConfig                      0x08005e3d   Thumb Code    22  usbd_core.o(i.USBD_ClrClassConfig)
    USBD_CtlContinueRx                       0x08005e97   Thumb Code    24  usbd_ioreq.o(i.USBD_CtlContinueRx)
    USBD_CtlContinueSendData                 0x08005eaf   Thumb Code    24  usbd_ioreq.o(i.USBD_CtlContinueSendData)
    USBD_CtlError                            0x08005ec7   Thumb Code    24  usbd_ctlreq.o(i.USBD_CtlError)
    USBD_CtlReceiveStatus                    0x08005edf   Thumb Code    26  usbd_ioreq.o(i.USBD_CtlReceiveStatus)
    USBD_CtlSendData                         0x08005ef9   Thumb Code    34  usbd_ioreq.o(i.USBD_CtlSendData)
    USBD_CtlSendStatus                       0x08005f1b   Thumb Code    26  usbd_ioreq.o(i.USBD_CtlSendStatus)
    USBD_LL_ClearStallEP                     0x08006119   Thumb Code    20  usbd_conf.o(i.USBD_LL_ClearStallEP)
    USBD_LL_DataInStage                      0x0800612d   Thumb Code   218  usbd_core.o(i.USBD_LL_DataInStage)
    USBD_LL_DataOutStage                     0x08006207   Thumb Code   134  usbd_core.o(i.USBD_LL_DataOutStage)
    USBD_LL_IsStallEP                        0x0800628d   Thumb Code    48  usbd_conf.o(i.USBD_LL_IsStallEP)
    USBD_LL_OpenEP                           0x080062bd   Thumb Code    32  usbd_conf.o(i.USBD_LL_OpenEP)
    USBD_LL_PrepareReceive                   0x080062dd   Thumb Code    32  usbd_conf.o(i.USBD_LL_PrepareReceive)
    USBD_LL_Reset                            0x080062fd   Thumb Code    68  usbd_core.o(i.USBD_LL_Reset)
    USBD_LL_Resume                           0x08006341   Thumb Code    14  usbd_core.o(i.USBD_LL_Resume)
    USBD_LL_SOF                              0x0800634f   Thumb Code    34  usbd_core.o(i.USBD_LL_SOF)
    USBD_LL_SetSpeed                         0x08006371   Thumb Code     8  usbd_core.o(i.USBD_LL_SetSpeed)
    USBD_LL_SetUSBAddress                    0x08006379   Thumb Code    20  usbd_conf.o(i.USBD_LL_SetUSBAddress)
    USBD_LL_SetupStage                       0x0800638d   Thumb Code   110  usbd_core.o(i.USBD_LL_SetupStage)
    USBD_LL_StallEP                          0x080063fb   Thumb Code    20  usbd_conf.o(i.USBD_LL_StallEP)
    USBD_LL_Suspend                          0x0800640f   Thumb Code    20  usbd_core.o(i.USBD_LL_Suspend)
    USBD_LL_Transmit                         0x08006423   Thumb Code    32  usbd_conf.o(i.USBD_LL_Transmit)
    USBD_ParseSetupRequest                   0x08006443   Thumb Code    40  usbd_ctlreq.o(i.USBD_ParseSetupRequest)
    USBD_RunTestMode                         0x0800646b   Thumb Code     6  usbd_core.o(i.USBD_RunTestMode)
    USBD_SetClassConfig                      0x080064c5   Thumb Code    34  usbd_core.o(i.USBD_SetClassConfig)
    USBD_StdDevReq                           0x080065ed   Thumb Code   114  usbd_ctlreq.o(i.USBD_StdDevReq)
    USBD_StdEPReq                            0x0800665f   Thumb Code   342  usbd_ctlreq.o(i.USBD_StdEPReq)
    USBD_StdItfReq                           0x080067b5   Thumb Code    74  usbd_ctlreq.o(i.USBD_StdItfReq)
    USB_ActivateEndpoint                     0x080067ff   Thumb Code   938  stm32f1xx_ll_usb.o(i.USB_ActivateEndpoint)
    USB_EP0_OutStart                         0x08006ba9   Thumb Code     6  stm32f1xx_ll_usb.o(i.USB_EP0_OutStart)
    USB_EPClearStall                         0x08006baf   Thumb Code   180  stm32f1xx_ll_usb.o(i.USB_EPClearStall)
    USB_EPSetStall                           0x08006c63   Thumb Code   134  stm32f1xx_ll_usb.o(i.USB_EPSetStall)
    USB_EPStartXfer                          0x08006ce9   Thumb Code   818  stm32f1xx_ll_usb.o(i.USB_EPStartXfer)
    USB_LP_CAN1_RX0_IRQHandler               0x0800701d   Thumb Code    10  stm32f1xx_it.o(i.USB_LP_CAN1_RX0_IRQHandler)
    USB_ReadInterrupts                       0x0800702d   Thumb Code    10  stm32f1xx_ll_usb.o(i.USB_ReadInterrupts)
    USB_ReadPMA                              0x08007037   Thumb Code    40  stm32f1xx_ll_usb.o(i.USB_ReadPMA)
    USB_SetDevAddress                        0x0800705f   Thumb Code    14  stm32f1xx_ll_usb.o(i.USB_SetDevAddress)
    USB_WritePMA                             0x0800706d   Thumb Code    66  stm32f1xx_ll_usb.o(i.USB_WritePMA)
    UsageFault_Handler                       0x080070c3   Thumb Code     4  stm32f1xx_it.o(i.UsageFault_Handler)
    __0sprintf$bare                          0x080071a5   Thumb Code    32  printfb.o(i.__0sprintf$bare)
    __1sprintf$bare                          0x080071a5   Thumb Code     0  printfb.o(i.__0sprintf$bare)
    __2sprintf                               0x080071a5   Thumb Code     0  printfb.o(i.__0sprintf$bare)
    __scatterload_copy                       0x080071c9   Thumb Code    14  handlers.o(i.__scatterload_copy)
    __scatterload_null                       0x080071d7   Thumb Code     2  handlers.o(i.__scatterload_null)
    __scatterload_zeroinit                   0x080071d9   Thumb Code    14  handlers.o(i.__scatterload_zeroinit)
    delay_init                               0x08007215   Thumb Code    16  delay.o(i.delay_init)
    delay_us                                 0x08007229   Thumb Code    68  delay.o(i.delay_us)
    main                                     0x08007271   Thumb Code   606  main.o(i.main)
    prepareTxData                            0x08007521   Thumb Code    80  process_ctrl.o(i.prepareTxData)
    AHBPrescTable                            0x08007574   Data          16  system_stm32f1xx.o(.constdata)
    APBPrescTable                            0x08007584   Data           8  system_stm32f1xx.o(.constdata)
    Region$$Table$$Base                      0x0800758c   Number         0  anon$$obj.o(Region$$Table)
    Region$$Table$$Limit                     0x080075ac   Number         0  anon$$obj.o(Region$$Table)
    SystemCoreClock                          0x20000004   Data           4  system_stm32f1xx.o(.data)
    msgType                                  0x2000000a   Data           1  main.o(.data)
    ADC_status                               0x2000000b   Data           1  main.o(.data)
    RxComplete                               0x2000000c   Data           1  main.o(.data)
    TxComplete                               0x2000000d   Data           1  main.o(.data)
    quietTimeTick                            0x2000000e   Data           2  main.o(.data)
    firstDataReady                           0x20000010   Data           1  main.o(.data)
    hMonitorCH_Drain                         0x20000014   Data           8  voltage_monitor.o(.data)
    hMonitorCH_Gate                          0x2000001c   Data           8  voltage_monitor.o(.data)
    hMonitorCH_Source                        0x20000024   Data           8  voltage_monitor.o(.data)
    hMonitorCH_Sub                           0x2000002c   Data           8  voltage_monitor.o(.data)
    fac_us                                   0x20000034   Data           1  delay.o(.data)
    pFlash                                   0x20000038   Data          32  stm32f1xx_hal_flash.o(.bss)
    hpcd_USB_FS                              0x20000058   Data        1056  usbd_conf.o(.bss)
    TestPara                                 0x200004f4   Data          46  main.o(.bss)
    TestResult                               0x20000524   Data          32  main.o(.bss)
    Uart1RxBuf                               0x20000544   Data         512  main.o(.bss)
    Uart1TxBuf                               0x20000744   Data         512  main.o(.bss)
    htim2                                    0x20000944   Data          64  hardware.o(.bss)
    htim3                                    0x20000984   Data          64  hardware.o(.bss)
    htim4                                    0x200009c4   Data          64  hardware.o(.bss)
    huart1                                   0x20000a04   Data          64  hardware.o(.bss)
    huart2                                   0x20000a44   Data          64  hardware.o(.bss)
    huart3                                   0x20000a84   Data          64  hardware.o(.bss)
    hdma_usart1_rx                           0x20000ac4   Data          56  hardware.o(.bss)
    hdma_usart1_tx                           0x20000afc   Data          56  hardware.o(.bss)
    hAD5687R1                                0x20000b34   Data          32  hardware.o(.bss)
    hAD5687R2                                0x20000b54   Data          32  hardware.o(.bss)
    hAD7988_11                               0x20000b74   Data          32  hardware.o(.bss)
    Adj_OutputOffset                         0x20000b94   Data          16  calibration.o(.bss)
    Adj_OutputLinear                         0x20000ba4   Data          16  calibration.o(.bss)
    Adj_RelayOffset                          0x20000bb4   Data          36  calibration.o(.bss)
    Adj_PosRelayLinear                       0x20000bd8   Data          36  calibration.o(.bss)
    Adj_NegRelayLinear                       0x20000bfc   Data          36  calibration.o(.bss)
    Relay                                    0x20000c20   Data          10  relay.o(.bss)
    hAD7791_Gate                             0x20000c2c   Data          32  ad7791.o(.bss)
    hAD7791_Source                           0x20000c4c   Data          32  ad7791.o(.bss)
    hAD7791_Drain                            0x20000c6c   Data          32  ad7791.o(.bss)
    hAD7791_Sub                              0x20000c8c   Data          32  ad7791.o(.bss)
    __initial_sp                             0x200010b0   Data           0  startup_stm32f103xe.o(STACK)



==============================================================================

Memory Map of the image

  Image Entry point : 0x08000131

  Load Region LR_IROM1 (Base: 0x08000000, Size: 0x000075e4, Max: 0x00080000, ABSOLUTE)

    Execution Region ER_IROM1 (Base: 0x08000000, Size: 0x000075ac, Max: 0x00080000, ABSOLUTE)

    Base Addr    Size         Type   Attr      Idx    E Section Name        Object

    0x08000000   0x00000130   Data   RO         4079    RESET               startup_stm32f103xe.o
    0x08000130   0x00000000   Code   RO         4386  * .ARM.Collect$$$$00000000  mc_w.l(entry.o)
    0x08000130   0x00000004   Code   RO         4685    .ARM.Collect$$$$00000001  mc_w.l(entry2.o)
    0x08000134   0x00000004   Code   RO         4688    .ARM.Collect$$$$00000004  mc_w.l(entry5.o)
    0x08000138   0x00000000   Code   RO         4690    .ARM.Collect$$$$00000008  mc_w.l(entry7b.o)
    0x08000138   0x00000000   Code   RO         4692    .ARM.Collect$$$$0000000A  mc_w.l(entry8b.o)
    0x08000138   0x00000008   Code   RO         4693    .ARM.Collect$$$$0000000B  mc_w.l(entry9a.o)
    0x08000140   0x00000000   Code   RO         4695    .ARM.Collect$$$$0000000D  mc_w.l(entry10a.o)
    0x08000140   0x00000000   Code   RO         4697    .ARM.Collect$$$$0000000F  mc_w.l(entry11a.o)
    0x08000140   0x00000004   Code   RO         4686    .ARM.Collect$$$$00002712  mc_w.l(entry2.o)
    0x08000144   0x00000024   Code   RO         4080    .text               startup_stm32f103xe.o
    0x08000168   0x00000020   Code   RO         4389    .text               mc_w.l(llushr.o)
    0x08000188   0x000000b0   Code   RO         4655    .text               mf_w.l(fadd.o)
    0x08000238   0x00000064   Code   RO         4657    .text               mf_w.l(fmul.o)
    0x0800029c   0x0000007c   Code   RO         4659    .text               mf_w.l(fdiv.o)
    0x08000318   0x0000014e   Code   RO         4661    .text               mf_w.l(dadd.o)
    0x08000466   0x000000e4   Code   RO         4663    .text               mf_w.l(dmul.o)
    0x0800054a   0x000000de   Code   RO         4665    .text               mf_w.l(ddiv.o)
    0x08000628   0x00000012   Code   RO         4667    .text               mf_w.l(fflti.o)
    0x0800063a   0x0000000a   Code   RO         4669    .text               mf_w.l(ffltui.o)
    0x08000644   0x0000001a   Code   RO         4671    .text               mf_w.l(dfltui.o)
    0x0800065e   0x00000028   Code   RO         4673    .text               mf_w.l(ffixui.o)
    0x08000686   0x00000032   Code   RO         4675    .text               mf_w.l(dfixui.o)
    0x080006b8   0x00000026   Code   RO         4677    .text               mf_w.l(f2d.o)
    0x080006de   0x00000038   Code   RO         4679    .text               mf_w.l(d2f.o)
    0x08000716   0x00000002   PAD
    0x08000718   0x00000014   Code   RO         4681    .text               mf_w.l(cfcmple.o)
    0x0800072c   0x00000014   Code   RO         4683    .text               mf_w.l(cfrcmple.o)
    0x08000740   0x0000001e   Code   RO         4706    .text               mc_w.l(llshl.o)
    0x0800075e   0x00000024   Code   RO         4708    .text               mc_w.l(llsshr.o)
    0x08000782   0x00000000   Code   RO         4710    .text               mc_w.l(iusefp.o)
    0x08000782   0x0000006e   Code   RO         4711    .text               mf_w.l(fepilogue.o)
    0x080007f0   0x000000ba   Code   RO         4713    .text               mf_w.l(depilogue.o)
    0x080008aa   0x00000002   PAD
    0x080008ac   0x00000024   Code   RO         4719    .text               mc_w.l(init.o)
    0x080008d0   0x000000ac   Code   RO         4087    i.AD5687R_ChangeMode  ad5687r.o
    0x0800097c   0x000000d4   Code   RO         4088    i.AD5687R_Init      ad5687r.o
    0x08000a50   0x00000012   Code   RO         4089    i.AD5687R_Pin_Init  ad5687r.o
    0x08000a62   0x0000005c   Code   RO         4090    i.AD5687R_WriteChCode  ad5687r.o
    0x08000abe   0x00000058   Code   RO         4091    i.AD5687R_WriteCmdCode  ad5687r.o
    0x08000b16   0x00000092   Code   RO         4092    i.AD5687R_WriteIR   ad5687r.o
    0x08000ba8   0x00000012   Code   RO         4313    i.AD7791_Pin_Init   ad7791.o
    0x08000bba   0x00000002   PAD
    0x08000bbc   0x00000074   Code   RO         4170    i.AD7988_1_Init     ad7988_1.o
    0x08000c30   0x00000012   Code   RO         4171    i.AD7988_1_Pin_Init  ad7988_1.o
    0x08000c42   0x00000060   Code   RO         4172    i.AD7988_1_ReadData  ad7988_1.o
    0x08000ca2   0x00000004   Code   RO         2994    i.BusFault_Handler  stm32f1xx_it.o
    0x08000ca6   0x00000002   PAD
    0x08000ca8   0x00000028   Code   RO         3845    i.Cali_Crrent_Neg   calibration.o
    0x08000cd0   0x00000024   Code   RO         3846    i.Cali_Crrent_Pos   calibration.o
    0x08000cf4   0x00000038   Code   RO         3726    i.ChangeTimer       process_ctrl.o
    0x08000d2c   0x0000001c   Code   RO         3727    i.ClearAllVoltage   process_ctrl.o
    0x08000d48   0x0000006c   Code   RO         4205    i.ClearRangeRelay   relay.o
    0x08000db4   0x0000012c   Code   RO         3849    i.CommitAdjustment  calibration.o
    0x08000ee0   0x00000010   Code   RO         4206    i.ConnectAllOutput  relay.o
    0x08000ef0   0x00000014   Code   RO         4207    i.ConnectDrain      relay.o
    0x08000f04   0x00000014   Code   RO         4208    i.ConnectGate       relay.o
    0x08000f18   0x00000014   Code   RO         4209    i.ConnectSub        relay.o
    0x08000f2c   0x00000174   Code   RO         3850    i.CurrentRangeCalibration  calibration.o
    0x080010a0   0x00000010   Code   RO         2995    i.DMA1_Channel4_IRQHandler  stm32f1xx_it.o
    0x080010b0   0x00000010   Code   RO         2996    i.DMA1_Channel5_IRQHandler  stm32f1xx_it.o
    0x080010c0   0x00000020   Code   RO         2350    i.DMA_SetConfig     stm32f1xx_hal_dma.o
    0x080010e0   0x00000002   Code   RO         2997    i.DebugMon_Handler  stm32f1xx_it.o
    0x080010e2   0x00000010   Code   RO         4210    i.DisconnectAllOutput  relay.o
    0x080010f2   0x00000002   PAD
    0x080010f4   0x00000014   Code   RO         4211    i.DisconnectDrain   relay.o
    0x08001108   0x00000014   Code   RO         4212    i.DisconnectGate    relay.o
    0x0800111c   0x00000014   Code   RO         4213    i.DisconnectSub     relay.o
    0x08001130   0x00000100   Code   RO         3821    i.Do_Calculation    calculation.o
    0x08001230   0x00000030   Code   RO         3424    i.EnterEndofTest    main.o
    0x08001260   0x00000004   Code   RO         3425    i.Error_Handler     main.o
    0x08001264   0x00000028   Code   RO         2244    i.FLASH_MassErase   stm32f1xx_hal_flash_ex.o
    0x0800128c   0x00000028   Code   RO         2253    i.FLASH_PageErase   stm32f1xx_hal_flash_ex.o
    0x080012b4   0x00000020   Code   RO         2427    i.FLASH_Program_HalfWord  stm32f1xx_hal_flash.o
    0x080012d4   0x00000068   Code   RO         2428    i.FLASH_SetErrorCode  stm32f1xx_hal_flash.o
    0x0800133c   0x00000070   Code   RO         2429    i.FLASH_WaitForLastOperation  stm32f1xx_hal_flash.o
    0x080013ac   0x0000002a   Code   RO         3993    i.FlashErase        internalflash.o
    0x080013d6   0x00000006   Code   RO         3994    i.FlashRead32bit    internalflash.o
    0x080013dc   0x00000118   Code   RO         3851    i.FlashSaveCaliData  calibration.o
    0x080014f4   0x0000002e   Code   RO         3995    i.GetFlashData_Float  internalflash.o
    0x08001522   0x00000002   PAD
    0x08001524   0x000000bc   Code   RO         4039    i.GetMonitorVoltage  voltage_monitor.o
    0x080015e0   0x00000030   Code   RO         3728    i.GetMsgType        process_ctrl.o
    0x08001610   0x0000004c   Code   RO         4214    i.GetRelayPara      relay.o
    0x0800165c   0x000000de   Code   RO         3729    i.GetTestPara       process_ctrl.o
    0x0800173a   0x00000062   Code   RO         2351    i.HAL_DMA_Abort     stm32f1xx_hal_dma.o
    0x0800179c   0x00000614   Code   RO         2355    i.HAL_DMA_IRQHandler  stm32f1xx_hal_dma.o
    0x08001db0   0x00000054   Code   RO         2356    i.HAL_DMA_Init      stm32f1xx_hal_dma.o
    0x08001e04   0x0000006a   Code   RO         2359    i.HAL_DMA_Start_IT  stm32f1xx_hal_dma.o
    0x08001e6e   0x0000001a   Code   RO         2117    i.HAL_Delay         stm32f1xx_hal.o
    0x08001e88   0x000000b0   Code   RO         2254    i.HAL_FLASHEx_Erase  stm32f1xx_hal_flash_ex.o
    0x08001f38   0x00000014   Code   RO         2433    i.HAL_FLASH_Lock    stm32f1xx_hal_flash.o
    0x08001f4c   0x000000b0   Code   RO         2438    i.HAL_FLASH_Program  stm32f1xx_hal_flash.o
    0x08001ffc   0x0000002c   Code   RO         2440    i.HAL_FLASH_Unlock  stm32f1xx_hal_flash.o
    0x08002028   0x00000340   Code   RO         1819    i.HAL_GPIO_Init     stm32f1xx_hal_gpio.o
    0x08002368   0x00000010   Code   RO         1821    i.HAL_GPIO_ReadPin  stm32f1xx_hal_gpio.o
    0x08002378   0x00000008   Code   RO         1822    i.HAL_GPIO_TogglePin  stm32f1xx_hal_gpio.o
    0x08002380   0x0000000c   Code   RO         1823    i.HAL_GPIO_WritePin  stm32f1xx_hal_gpio.o
    0x0800238c   0x0000000c   Code   RO         2121    i.HAL_GetTick       stm32f1xx_hal.o
    0x08002398   0x00000010   Code   RO         2122    i.HAL_IncTick       stm32f1xx_hal.o
    0x080023a8   0x00000028   Code   RO         2123    i.HAL_Init          stm32f1xx_hal.o
    0x080023d0   0x00000024   Code   RO         2124    i.HAL_InitTick      stm32f1xx_hal.o
    0x080023f4   0x000000a4   Code   RO         3593    i.HAL_MspInit       stm32f1xx_hal_msp.o
    0x08002498   0x0000001a   Code   RO          317    i.HAL_NVIC_EnableIRQ  stm32f1xx_hal_cortex.o
    0x080024b2   0x0000007c   Code   RO          323    i.HAL_NVIC_SetPriority  stm32f1xx_hal_cortex.o
    0x0800252e   0x00000002   PAD
    0x08002530   0x00000028   Code   RO          324    i.HAL_NVIC_SetPriorityGrouping  stm32f1xx_hal_cortex.o
    0x08002558   0x0000001c   Code   RO         3152    i.HAL_PCD_DataInStageCallback  usbd_conf.o
    0x08002574   0x0000001c   Code   RO         3153    i.HAL_PCD_DataOutStageCallback  usbd_conf.o
    0x08002590   0x00000062   Code   RO           14    i.HAL_PCD_EP_ClrStall  stm32f1xx_hal_pcd.o
    0x080025f2   0x00000076   Code   RO           17    i.HAL_PCD_EP_Open   stm32f1xx_hal_pcd.o
    0x08002668   0x0000006a   Code   RO           18    i.HAL_PCD_EP_Receive  stm32f1xx_hal_pcd.o
    0x080026d2   0x00000072   Code   RO           19    i.HAL_PCD_EP_SetStall  stm32f1xx_hal_pcd.o
    0x08002744   0x0000006c   Code   RO           20    i.HAL_PCD_EP_Transmit  stm32f1xx_hal_pcd.o
    0x080027b0   0x00000164   Code   RO           22    i.HAL_PCD_IRQHandler  stm32f1xx_hal_pcd.o
    0x08002914   0x0000002a   Code   RO         3159    i.HAL_PCD_ResetCallback  usbd_conf.o
    0x0800293e   0x0000000e   Code   RO         3160    i.HAL_PCD_ResumeCallback  usbd_conf.o
    0x0800294c   0x0000000e   Code   RO         3161    i.HAL_PCD_SOFCallback  usbd_conf.o
    0x0800295a   0x00000036   Code   RO           31    i.HAL_PCD_SetAddress  stm32f1xx_hal_pcd.o
    0x08002990   0x00000012   Code   RO         3162    i.HAL_PCD_SetupStageCallback  usbd_conf.o
    0x080029a2   0x00000002   PAD
    0x080029a4   0x00000024   Code   RO         3163    i.HAL_PCD_SuspendCallback  usbd_conf.o
    0x080029c8   0x0000017c   Code   RO         2076    i.HAL_RCCEx_PeriphCLKConfig  stm32f1xx_hal_rcc_ex.o
    0x08002b44   0x00000298   Code   RO          841    i.HAL_RCC_ClockConfig  stm32f1xx_hal_rcc.o
    0x08002ddc   0x0000000c   Code   RO          846    i.HAL_RCC_GetHCLKFreq  stm32f1xx_hal_rcc.o
    0x08002de8   0x0000002c   Code   RO          848    i.HAL_RCC_GetPCLK1Freq  stm32f1xx_hal_rcc.o
    0x08002e14   0x0000002c   Code   RO          849    i.HAL_RCC_GetPCLK2Freq  stm32f1xx_hal_rcc.o
    0x08002e40   0x000000b4   Code   RO          850    i.HAL_RCC_GetSysClockFreq  stm32f1xx_hal_rcc.o
    0x08002ef4   0x00000878   Code   RO          853    i.HAL_RCC_OscConfig  stm32f1xx_hal_rcc.o
    0x0800376c   0x00000028   Code   RO          326    i.HAL_SYSTICK_CLKSourceConfig  stm32f1xx_hal_cortex.o
    0x08003794   0x00000002   Code   RO          327    i.HAL_SYSTICK_Callback  stm32f1xx_hal_cortex.o
    0x08003796   0x00000034   Code   RO          328    i.HAL_SYSTICK_Config  stm32f1xx_hal_cortex.o
    0x080037ca   0x00000008   Code   RO          329    i.HAL_SYSTICK_IRQHandler  stm32f1xx_hal_cortex.o
    0x080037d2   0x00000002   Code   RO          942    i.HAL_TIMEx_BreakCallback  stm32f1xx_hal_tim_ex.o
    0x080037d4   0x00000002   Code   RO          943    i.HAL_TIMEx_CommutationCallback  stm32f1xx_hal_tim_ex.o
    0x080037d6   0x00000062   Code   RO          959    i.HAL_TIMEx_MasterConfigSynchronization  stm32f1xx_hal_tim_ex.o
    0x08003838   0x00000034   Code   RO         1177    i.HAL_TIM_Base_Init  stm32f1xx_hal_tim.o
    0x0800386c   0x000000b4   Code   RO         3595    i.HAL_TIM_Base_MspInit  stm32f1xx_hal_msp.o
    0x08003920   0x0000001e   Code   RO         1182    i.HAL_TIM_Base_Start_IT  stm32f1xx_hal_tim.o
    0x0800393e   0x00000038   Code   RO         1185    i.HAL_TIM_Base_Stop_IT  stm32f1xx_hal_tim.o
    0x08003976   0x00000132   Code   RO         1186    i.HAL_TIM_ConfigClockSource  stm32f1xx_hal_tim.o
    0x08003aa8   0x00000002   Code   RO         1206    i.HAL_TIM_IC_CaptureCallback  stm32f1xx_hal_tim.o
    0x08003aaa   0x00000196   Code   RO         1219    i.HAL_TIM_IRQHandler  stm32f1xx_hal_tim.o
    0x08003c40   0x00000002   Code   RO         1222    i.HAL_TIM_OC_DelayElapsedCallback  stm32f1xx_hal_tim.o
    0x08003c42   0x00000002   Code   RO         1249    i.HAL_TIM_PWM_PulseFinishedCallback  stm32f1xx_hal_tim.o
    0x08003c44   0x000000a8   Code   RO         3426    i.HAL_TIM_PeriodElapsedCallback  main.o
    0x08003cec   0x00000002   Code   RO         1260    i.HAL_TIM_TriggerCallback  stm32f1xx_hal_tim.o
    0x08003cee   0x0000002e   Code   RO          447    i.HAL_UART_DMAStop  stm32f1xx_hal_uart.o
    0x08003d1c   0x00000002   Code   RO          449    i.HAL_UART_ErrorCallback  stm32f1xx_hal_uart.o
    0x08003d1e   0x0000006e   Code   RO          453    i.HAL_UART_Init     stm32f1xx_hal_uart.o
    0x08003d8c   0x000000e8   Code   RO         3597    i.HAL_UART_MspInit  stm32f1xx_hal_msp.o
    0x08003e74   0x000000a0   Code   RO          457    i.HAL_UART_Receive_DMA  stm32f1xx_hal_uart.o
    0x08003f14   0x00000002   Code   RO          459    i.HAL_UART_RxCpltCallback  stm32f1xx_hal_uart.o
    0x08003f16   0x00000002   Code   RO          460    i.HAL_UART_RxHalfCpltCallback  stm32f1xx_hal_uart.o
    0x08003f18   0x000000f0   Code   RO          461    i.HAL_UART_Transmit  stm32f1xx_hal_uart.o
    0x08004008   0x00000094   Code   RO          462    i.HAL_UART_Transmit_DMA  stm32f1xx_hal_uart.o
    0x0800409c   0x00000002   Code   RO          464    i.HAL_UART_TxCpltCallback  stm32f1xx_hal_uart.o
    0x0800409e   0x00000004   Code   RO         2998    i.HardFault_Handler  stm32f1xx_it.o
    0x080040a2   0x00000002   PAD
    0x080040a4   0x000000bc   Code   RO         3642    i.Hardware_Init     hardware.o
    0x08004160   0x0000004c   Code   RO         3730    i.InitTestPara      process_ctrl.o
    0x080041ac   0x00000012   Code   RO         3731    i.InitTestResult    process_ctrl.o
    0x080041be   0x00000002   PAD
    0x080041c0   0x00000044   Code   RO         3643    i.MX_DMA_Init       hardware.o
    0x08004204   0x00000190   Code   RO         3644    i.MX_GPIO_Init      hardware.o
    0x08004394   0x00000064   Code   RO         3645    i.MX_TIM2_Init      hardware.o
    0x080043f8   0x0000008c   Code   RO         3646    i.MX_TIM3_Init      hardware.o
    0x08004484   0x00000060   Code   RO         3647    i.MX_TIM4_Init      hardware.o
    0x080044e4   0x00000038   Code   RO         3648    i.MX_USART1_UART_Init  hardware.o
    0x0800451c   0x00000288   Code   RO         4314    i.M_AD7791_Init     ad7791.o
    0x080047a4   0x00000054   Code   RO         4315    i.M_AD7791_ReadData  ad7791.o
    0x080047f8   0x00000100   Code   RO         4316    i.M_AD7791_ReadDataReg  ad7791.o
    0x080048f8   0x0000004c   Code   RO         4318    i.M_AD7791_Reset    ad7791.o
    0x08004944   0x00000018   Code   RO         4319    i.M_AD7791_WriteModeReg  ad7791.o
    0x0800495c   0x00000064   Code   RO         4320    i.M_AD7791_WriteReg  ad7791.o
    0x080049c0   0x00000078   Code   RO         4321    i.M_Get_AD_Data     ad7791.o
    0x08004a38   0x00000004   Code   RO         2999    i.MemManage_Handler  stm32f1xx_it.o
    0x08004a3c   0x0000003c   Code   RO         4040    i.MonitorCH_Init    voltage_monitor.o
    0x08004a78   0x0000001a   Code   RO         4041    i.MonitorCH_InitSingle  voltage_monitor.o
    0x08004a92   0x00000028   Code   RO         3853    i.MyPow             calibration.o
    0x08004aba   0x00000002   Code   RO         3000    i.NMI_Handler       stm32f1xx_it.o
    0x08004abc   0x00000010   Code   RO          330    i.NVIC_GetPriorityGrouping  stm32f1xx_hal_cortex.o
    0x08004acc   0x00000028   Code   RO          331    i.NVIC_SetPriority  stm32f1xx_hal_cortex.o
    0x08004af4   0x00000108   Code   RO         3732    i.OutputAdjVoltage  process_ctrl.o
    0x08004bfc   0x00000100   Code   RO         3427    i.OutputNextVd      main.o
    0x08004cfc   0x00000100   Code   RO         3428    i.OutputNextVg      main.o
    0x08004dfc   0x000000d4   Code   RO         3733    i.OutputVoltage     process_ctrl.o
    0x08004ed0   0x00000058   Code   RO         3854    i.OutputVoltageCalibration  calibration.o
    0x08004f28   0x00000444   Code   RO           36    i.PCD_EP_ISR_Handler  stm32f1xx_hal_pcd.o
    0x0800536c   0x00000002   Code   RO         3001    i.PendSV_Handler    stm32f1xx_it.o
    0x0800536e   0x00000002   PAD
    0x08005370   0x00000110   Code   RO         4215    i.RelayCheck        relay.o
    0x08005480   0x00000088   Code   RO         4216    i.ReleaseMonitorRelay  relay.o
    0x08005508   0x00000040   Code   RO         3855    i.RunCalibration    calibration.o
    0x08005548   0x00000002   Code   RO         3002    i.SVC_Handler       stm32f1xx_it.o
    0x0800554a   0x00000002   PAD
    0x0800554c   0x0000007c   Code   RO         4217    i.SetMonitorRelay   relay.o
    0x080055c8   0x000000a0   Code   RO         4218    i.SetRangeRelay     relay.o
    0x08005668   0x0000005a   Code   RO         3735    i.SetTimerAction    process_ctrl.o
    0x080056c2   0x00000002   PAD
    0x080056c4   0x00000040   Code   RO         3736    i.SetTimerPara      process_ctrl.o
    0x08005704   0x00000018   Code   RO         3429    i.StartNextSampling  main.o
    0x0800571c   0x0000000c   Code   RO         3003    i.SysTick_Handler   stm32f1xx_it.o
    0x08005728   0x00000088   Code   RO         3651    i.SystemClock_Config  hardware.o
    0x080057b0   0x00000058   Code   RO         2561    i.SystemInit        system_stm32f1xx.o
    0x08005808   0x00000030   Code   RO         3004    i.TIM2_IRQHandler   stm32f1xx_it.o
    0x08005838   0x00000030   Code   RO         3005    i.TIM3_IRQHandler   stm32f1xx_it.o
    0x08005868   0x00000010   Code   RO         3006    i.TIM4_IRQHandler   stm32f1xx_it.o
    0x08005878   0x00000098   Code   RO         1261    i.TIM_Base_SetConfig  stm32f1xx_hal_tim.o
    0x08005910   0x00000018   Code   RO         1268    i.TIM_ETR_SetConfig  stm32f1xx_hal_tim.o
    0x08005928   0x00000014   Code   RO         1269    i.TIM_ITRx_SetConfig  stm32f1xx_hal_tim.o
    0x0800593c   0x0000002a   Code   RO         1275    i.TIM_TI1_ConfigInputStage  stm32f1xx_hal_tim.o
    0x08005966   0x0000002c   Code   RO         1277    i.TIM_TI2_ConfigInputStage  stm32f1xx_hal_tim.o
    0x08005992   0x00000022   Code   RO          466    i.UART_DMAError     stm32f1xx_hal_uart.o
    0x080059b4   0x0000003e   Code   RO          467    i.UART_DMAReceiveCplt  stm32f1xx_hal_uart.o
    0x080059f2   0x0000000e   Code   RO          468    i.UART_DMARxHalfCplt  stm32f1xx_hal_uart.o
    0x08005a00   0x00000036   Code   RO          469    i.UART_DMATransmitCplt  stm32f1xx_hal_uart.o
    0x08005a36   0x00000002   PAD
    0x08005a38   0x000001c8   Code   RO          473    i.UART_SetConfig    stm32f1xx_hal_uart.o
    0x08005c00   0x000000fa   Code   RO          475    i.UART_WaitOnFlagUntilTimeout  stm32f1xx_hal_uart.o
    0x08005cfa   0x00000002   PAD
    0x08005cfc   0x00000140   Code   RO         3007    i.USART1_IRQHandler  stm32f1xx_it.o
    0x08005e3c   0x00000016   Code   RO         2698    i.USBD_ClrClassConfig  usbd_core.o
    0x08005e52   0x00000044   Code   RO         2899    i.USBD_ClrFeature   usbd_ctlreq.o
    0x08005e96   0x00000018   Code   RO         2839    i.USBD_CtlContinueRx  usbd_ioreq.o
    0x08005eae   0x00000018   Code   RO         2840    i.USBD_CtlContinueSendData  usbd_ioreq.o
    0x08005ec6   0x00000018   Code   RO         2900    i.USBD_CtlError     usbd_ctlreq.o
    0x08005ede   0x0000001a   Code   RO         2842    i.USBD_CtlReceiveStatus  usbd_ioreq.o
    0x08005ef8   0x00000022   Code   RO         2843    i.USBD_CtlSendData  usbd_ioreq.o
    0x08005f1a   0x0000001a   Code   RO         2844    i.USBD_CtlSendStatus  usbd_ioreq.o
    0x08005f34   0x00000050   Code   RO         2901    i.USBD_GetConfig    usbd_ctlreq.o
    0x08005f84   0x00000150   Code   RO         2902    i.USBD_GetDescriptor  usbd_ctlreq.o
    0x080060d4   0x00000044   Code   RO         2904    i.USBD_GetStatus    usbd_ctlreq.o
    0x08006118   0x00000014   Code   RO         3164    i.USBD_LL_ClearStallEP  usbd_conf.o
    0x0800612c   0x000000da   Code   RO         2701    i.USBD_LL_DataInStage  usbd_core.o
    0x08006206   0x00000086   Code   RO         2702    i.USBD_LL_DataOutStage  usbd_core.o
    0x0800628c   0x00000030   Code   RO         3171    i.USBD_LL_IsStallEP  usbd_conf.o
    0x080062bc   0x00000020   Code   RO         3172    i.USBD_LL_OpenEP    usbd_conf.o
    0x080062dc   0x00000020   Code   RO         3173    i.USBD_LL_PrepareReceive  usbd_conf.o
    0x080062fc   0x00000044   Code   RO         2707    i.USBD_LL_Reset     usbd_core.o
    0x08006340   0x0000000e   Code   RO         2708    i.USBD_LL_Resume    usbd_core.o
    0x0800634e   0x00000022   Code   RO         2709    i.USBD_LL_SOF       usbd_core.o
    0x08006370   0x00000008   Code   RO         2710    i.USBD_LL_SetSpeed  usbd_core.o
    0x08006378   0x00000014   Code   RO         3174    i.USBD_LL_SetUSBAddress  usbd_conf.o
    0x0800638c   0x0000006e   Code   RO         2711    i.USBD_LL_SetupStage  usbd_core.o
    0x080063fa   0x00000014   Code   RO         3175    i.USBD_LL_StallEP   usbd_conf.o
    0x0800640e   0x00000014   Code   RO         2712    i.USBD_LL_Suspend   usbd_core.o
    0x08006422   0x00000020   Code   RO         3178    i.USBD_LL_Transmit  usbd_conf.o
    0x08006442   0x00000028   Code   RO         2906    i.USBD_ParseSetupRequest  usbd_ctlreq.o
    0x0800646a   0x00000006   Code   RO         2714    i.USBD_RunTestMode  usbd_core.o
    0x08006470   0x00000054   Code   RO         2907    i.USBD_SetAddress   usbd_ctlreq.o
    0x080064c4   0x00000022   Code   RO         2715    i.USBD_SetClassConfig  usbd_core.o
    0x080064e6   0x00000002   PAD
    0x080064e8   0x000000e0   Code   RO         2908    i.USBD_SetConfig    usbd_ctlreq.o
    0x080065c8   0x00000024   Code   RO         2909    i.USBD_SetFeature   usbd_ctlreq.o
    0x080065ec   0x00000072   Code   RO         2910    i.USBD_StdDevReq    usbd_ctlreq.o
    0x0800665e   0x00000156   Code   RO         2911    i.USBD_StdEPReq     usbd_ctlreq.o
    0x080067b4   0x0000004a   Code   RO         2912    i.USBD_StdItfReq    usbd_ctlreq.o
    0x080067fe   0x000003aa   Code   RO         1882    i.USB_ActivateEndpoint  stm32f1xx_ll_usb.o
    0x08006ba8   0x00000006   Code   RO         1892    i.USB_EP0_OutStart  stm32f1xx_ll_usb.o
    0x08006bae   0x000000b4   Code   RO         1893    i.USB_EPClearStall  stm32f1xx_ll_usb.o
    0x08006c62   0x00000086   Code   RO         1894    i.USB_EPSetStall    stm32f1xx_ll_usb.o
    0x08006ce8   0x00000332   Code   RO         1895    i.USB_EPStartXfer   stm32f1xx_ll_usb.o
    0x0800701a   0x00000002   PAD
    0x0800701c   0x00000010   Code   RO         3008    i.USB_LP_CAN1_RX0_IRQHandler  stm32f1xx_it.o
    0x0800702c   0x0000000a   Code   RO         1903    i.USB_ReadInterrupts  stm32f1xx_ll_usb.o
    0x08007036   0x00000028   Code   RO         1904    i.USB_ReadPMA       stm32f1xx_ll_usb.o
    0x0800705e   0x0000000e   Code   RO         1907    i.USB_SetDevAddress  stm32f1xx_ll_usb.o
    0x0800706c   0x00000042   Code   RO         1909    i.USB_WritePMA      stm32f1xx_ll_usb.o
    0x080070ae   0x00000014   Code   RO         3997    i.Uint32to4Uint8    internalflash.o
    0x080070c2   0x00000004   Code   RO         3009    i.UsageFault_Handler  stm32f1xx_it.o
    0x080070c6   0x00000002   PAD
    0x080070c8   0x000000dc   Code   RO         3857    i.ZeroCrrentCalibration  calibration.o
    0x080071a4   0x00000024   Code   RO         4398    i.__0sprintf$bare   mc_w.l(printfb.o)
    0x080071c8   0x0000000e   Code   RO         4725    i.__scatterload_copy  mc_w.l(handlers.o)
    0x080071d6   0x00000002   Code   RO         4726    i.__scatterload_null  mc_w.l(handlers.o)
    0x080071d8   0x0000000e   Code   RO         4727    i.__scatterload_zeroinit  mc_w.l(handlers.o)
    0x080071e6   0x00000022   Code   RO         4403    i._printf_core      mc_w.l(printfb.o)
    0x08007208   0x0000000a   Code   RO         4405    i._sputc            mc_w.l(printfb.o)
    0x08007212   0x00000002   PAD
    0x08007214   0x00000014   Code   RO         4137    i.delay_init        delay.o
    0x08007228   0x00000048   Code   RO         4138    i.delay_us          delay.o
    0x08007270   0x000002b0   Code   RO         3430    i.main              main.o
    0x08007520   0x00000054   Code   RO         3737    i.prepareTxData     process_ctrl.o
    0x08007574   0x00000018   Data   RO         2562    .constdata          system_stm32f1xx.o
    0x0800758c   0x00000020   Data   RO         4723    Region$$Table       anon$$obj.o


    Execution Region RW_IRAM1 (Base: 0x20000000, Size: 0x000010b0, Max: 0x00010000, ABSOLUTE)

    Base Addr    Size         Type   Attr      Idx    E Section Name        Object

    0x20000000   0x00000004   Data   RW         2129    .data               stm32f1xx_hal.o
    0x20000004   0x00000004   Data   RW         2563    .data               system_stm32f1xx.o
    0x20000008   0x00000001   Data   RW         2913    .data               usbd_ctlreq.o
    0x20000009   0x00000001   PAD
    0x2000000a   0x00000007   Data   RW         3432    .data               main.o
    0x20000011   0x00000003   PAD
    0x20000014   0x00000020   Data   RW         4042    .data               voltage_monitor.o
    0x20000034   0x00000001   Data   RW         4139    .data               delay.o
    0x20000035   0x00000003   PAD
    0x20000038   0x00000020   Zero   RW         2441    .bss                stm32f1xx_hal_flash.o
    0x20000058   0x0000049c   Zero   RW         3181    .bss                usbd_conf.o
    0x200004f4   0x00000450   Zero   RW         3431    .bss                main.o
    0x20000944   0x00000250   Zero   RW         3652    .bss                hardware.o
    0x20000b94   0x0000008c   Zero   RW         3858    .bss                calibration.o
    0x20000c20   0x0000000a   Zero   RW         4219    .bss                relay.o
    0x20000c2a   0x00000002   PAD
    0x20000c2c   0x00000080   Zero   RW         4322    .bss                ad7791.o
    0x20000cac   0x00000004   PAD
    0x20000cb0   0x00000400   Zero   RW         4077    STACK               startup_stm32f103xe.o


==============================================================================

Image component sizes


      Code (inc. data)   RO Data    RW Data    ZI Data      Debug   Object Name

       728         10          0          0          0       4313   ad5687r.o
      1326         28          0          0        128       6636   ad7791.o
       230          8          0          0          0       2252   ad7988_1.o
       256         26          0          0          0       1061   calculation.o
      1440        138          0          0        140       7459   calibration.o
        92          8          0          1          0       1413   delay.o
      1184         92          0          0        592       5641   hardware.o
       114          0          0          0          0       2830   internalflash.o
      1444        168          0          7       1104      10042   main.o
      1162         84          0          0          0       6644   process_ctrl.o
      1028        110          0          0         10       9076   relay.o
        36          8        304          0       1024        768   startup_stm32f103xe.o
       130         16          0          4          0       3626   stm32f1xx_hal.o
       348         22          0          0          0      27865   stm32f1xx_hal_cortex.o
      1876         18          0          0          0       4703   stm32f1xx_hal_dma.o
       488         52          0          0         32       4142   stm32f1xx_hal_flash.o
       256         26          0          0          0       2619   stm32f1xx_hal_flash_ex.o
       868         42          0          0          0       4084   stm32f1xx_hal_gpio.o
       576         48          0          0          0       2408   stm32f1xx_hal_msp.o
      2046          0          0          0          0     522263   stm32f1xx_hal_pcd.o
      3112        100          0          0          0       5772   stm32f1xx_hal_rcc.o
       380         14          0          0          0       1336   stm32f1xx_hal_rcc_ex.o
      1140         20          0          0          0       9686   stm32f1xx_hal_tim.o
       102          0          0          0          0       2262   stm32f1xx_hal_tim_ex.o
      1582         24          0          0          0      10493   stm32f1xx_hal_uart.o
       516         50          0          0          0       8212   stm32f1xx_it.o
      2206          0          0          0          0       8306   stm32f1xx_ll_usb.o
        88         18         24          4          0       1395   system_stm32f1xx.o
         0          0          0          0          0       2738   usb_device.o
       384          6          0          0       1180       9396   usbd_conf.o
       668          0          0          0          0      12185   usbd_core.o
      1490         30          0          1          0       9159   usbd_ctlreq.o
         0          0          0          0          0       4432   usbd_customhid.o
       134          0          0          0          0       3824   usbd_ioreq.o
       274         48          0         32          0       2977   voltage_monitor.o

    ----------------------------------------------------------------------
     27736       1214        360         56       4216     722018   Object Totals
         0          0         32          0          0          0   (incl. Generated)
        32          0          0          7          6          0   (incl. Padding)

    ----------------------------------------------------------------------

      Code (inc. data)   RO Data    RW Data    ZI Data      Debug   Library Member Name

         0          0          0          0          0          0   entry.o
         0          0          0          0          0          0   entry10a.o
         0          0          0          0          0          0   entry11a.o
         8          4          0          0          0          0   entry2.o
         4          0          0          0          0          0   entry5.o
         0          0          0          0          0          0   entry7b.o
         0          0          0          0          0          0   entry8b.o
         8          4          0          0          0          0   entry9a.o
        30          0          0          0          0          0   handlers.o
        36          8          0          0          0         68   init.o
         0          0          0          0          0          0   iusefp.o
        30          0          0          0          0         68   llshl.o
        36          0          0          0          0         68   llsshr.o
        32          0          0          0          0         68   llushr.o
        80          4          0          0          0        236   printfb.o
        20          0          0          0          0         68   cfcmple.o
        20          0          0          0          0         68   cfrcmple.o
        56          0          0          0          0         88   d2f.o
       334          0          0          0          0        148   dadd.o
       222          0          0          0          0        100   ddiv.o
       186          0          0          0          0        176   depilogue.o
        50          0          0          0          0         76   dfixui.o
        26          0          0          0          0         76   dfltui.o
       228          0          0          0          0         96   dmul.o
        38          0          0          0          0         68   f2d.o
       176          0          0          0          0        140   fadd.o
       124          0          0          0          0         88   fdiv.o
       110          0          0          0          0        168   fepilogue.o
        40          0          0          0          0         68   ffixui.o
        18          0          0          0          0         68   fflti.o
        10          0          0          0          0         68   ffltui.o
       100          0          0          0          0         76   fmul.o

    ----------------------------------------------------------------------
      2028         20          0          0          0       2148   Library Totals
         6          0          0          0          0          0   (incl. Padding)

    ----------------------------------------------------------------------

      Code (inc. data)   RO Data    RW Data    ZI Data      Debug   Library Name

       264         20          0          0          0        508   mc_w.l
      1758          0          0          0          0       1640   mf_w.l

    ----------------------------------------------------------------------
      2028         20          0          0          0       2148   Library Totals

    ----------------------------------------------------------------------

==============================================================================


      Code (inc. data)   RO Data    RW Data    ZI Data      Debug   

     29764       1234        360         56       4216     711682   Grand Totals
     29764       1234        360         56       4216     711682   ELF Image Totals
     29764       1234        360         56          0          0   ROM Totals

==============================================================================

    Total RO  Size (Code + RO Data)                30124 (  29.42kB)
    Total RW  Size (RW Data + ZI Data)              4272 (   4.17kB)
    Total ROM Size (Code + RO Data + RW Data)      30180 (  29.47kB)

==============================================================================

